Archive member included to satisfy reference by file (symbol)

/Users/henrik/Documents/Elektronik/STM32/STM32-base/tools/bin/../lib/gcc/arm-none-eabi/9.3.1/../../../../arm-none-eabi/lib/thumb/v7e-m+fp/hard/libc.a(lib_a-exit.o)
                              /Users/henrik/Documents/Elektronik/STM32/STM32-base/tools/bin/../lib/gcc/arm-none-eabi/9.3.1/../../../../arm-none-eabi/lib/thumb/v7e-m+fp/hard/crt0.o (exit)
/Users/henrik/Documents/Elektronik/STM32/STM32-base/tools/bin/../lib/gcc/arm-none-eabi/9.3.1/../../../../arm-none-eabi/lib/thumb/v7e-m+fp/hard/libc.a(lib_a-impure.o)
                              /Users/henrik/Documents/Elektronik/STM32/STM32-base/tools/bin/../lib/gcc/arm-none-eabi/9.3.1/../../../../arm-none-eabi/lib/thumb/v7e-m+fp/hard/libc.a(lib_a-exit.o) (_global_impure_ptr)
/Users/henrik/Documents/Elektronik/STM32/STM32-base/tools/bin/../lib/gcc/arm-none-eabi/9.3.1/../../../../arm-none-eabi/lib/thumb/v7e-m+fp/hard/libc.a(lib_a-init.o)
                              /Users/henrik/Documents/Elektronik/STM32/STM32-base/tools/bin/../lib/gcc/arm-none-eabi/9.3.1/../../../../arm-none-eabi/lib/thumb/v7e-m+fp/hard/crt0.o (__libc_init_array)
/Users/henrik/Documents/Elektronik/STM32/STM32-base/tools/bin/../lib/gcc/arm-none-eabi/9.3.1/../../../../arm-none-eabi/lib/thumb/v7e-m+fp/hard/libc.a(lib_a-memset.o)
                              /Users/henrik/Documents/Elektronik/STM32/STM32-base/tools/bin/../lib/gcc/arm-none-eabi/9.3.1/../../../../arm-none-eabi/lib/thumb/v7e-m+fp/hard/crt0.o (memset)
/Users/henrik/Documents/Elektronik/STM32/STM32-base/tools/bin/../lib/gcc/arm-none-eabi/9.3.1/../../../../arm-none-eabi/lib/thumb/v7e-m+fp/hard/libc.a(lib_a-__call_atexit.o)
                              /Users/henrik/Documents/Elektronik/STM32/STM32-base/tools/bin/../lib/gcc/arm-none-eabi/9.3.1/../../../../arm-none-eabi/lib/thumb/v7e-m+fp/hard/libc.a(lib_a-exit.o) (__call_exitprocs)
/Users/henrik/Documents/Elektronik/STM32/STM32-base/tools/bin/../lib/gcc/arm-none-eabi/9.3.1/../../../../arm-none-eabi/lib/thumb/v7e-m+fp/hard/libc.a(lib_a-atexit.o)
                              /Users/henrik/Documents/Elektronik/STM32/STM32-base/tools/bin/../lib/gcc/arm-none-eabi/9.3.1/../../../../arm-none-eabi/lib/thumb/v7e-m+fp/hard/libc.a(lib_a-__call_atexit.o) (atexit)
/Users/henrik/Documents/Elektronik/STM32/STM32-base/tools/bin/../lib/gcc/arm-none-eabi/9.3.1/../../../../arm-none-eabi/lib/thumb/v7e-m+fp/hard/libc.a(lib_a-fini.o)
                              /Users/henrik/Documents/Elektronik/STM32/STM32-base/tools/bin/../lib/gcc/arm-none-eabi/9.3.1/../../../../arm-none-eabi/lib/thumb/v7e-m+fp/hard/libc.a(lib_a-__call_atexit.o) (__libc_fini_array)
/Users/henrik/Documents/Elektronik/STM32/STM32-base/tools/bin/../lib/gcc/arm-none-eabi/9.3.1/../../../../arm-none-eabi/lib/thumb/v7e-m+fp/hard/libc.a(lib_a-lock.o)
                              /Users/henrik/Documents/Elektronik/STM32/STM32-base/tools/bin/../lib/gcc/arm-none-eabi/9.3.1/../../../../arm-none-eabi/lib/thumb/v7e-m+fp/hard/libc.a(lib_a-__call_atexit.o) (__retarget_lock_acquire_recursive)
/Users/henrik/Documents/Elektronik/STM32/STM32-base/tools/bin/../lib/gcc/arm-none-eabi/9.3.1/../../../../arm-none-eabi/lib/thumb/v7e-m+fp/hard/libc.a(lib_a-__atexit.o)
                              /Users/henrik/Documents/Elektronik/STM32/STM32-base/tools/bin/../lib/gcc/arm-none-eabi/9.3.1/../../../../arm-none-eabi/lib/thumb/v7e-m+fp/hard/libc.a(lib_a-atexit.o) (__register_exitproc)
/Users/henrik/Documents/Elektronik/STM32/STM32-base/tools/bin/../lib/gcc/arm-none-eabi/9.3.1/../../../../arm-none-eabi/lib/thumb/v7e-m+fp/hard/libnosys.a(_exit.o)
                              /Users/henrik/Documents/Elektronik/STM32/STM32-base/tools/bin/../lib/gcc/arm-none-eabi/9.3.1/../../../../arm-none-eabi/lib/thumb/v7e-m+fp/hard/libc.a(lib_a-exit.o) (_exit)
/Users/henrik/Documents/Elektronik/STM32/STM32-base/tools/bin/../lib/gcc/arm-none-eabi/9.3.1/../../../../arm-none-eabi/lib/thumb/v7e-m+fp/hard/libc_nano.a(lib_a-sprintf.o)
                              /var/folders/bh/wcqvvwzn6z9bv2cgwq2mnjnr0000gn/T//ccP9CWPk.o (sprintf)
/Users/henrik/Documents/Elektronik/STM32/STM32-base/tools/bin/../lib/gcc/arm-none-eabi/9.3.1/../../../../arm-none-eabi/lib/thumb/v7e-m+fp/hard/libc_nano.a(lib_a-strlen.o)
                              /var/folders/bh/wcqvvwzn6z9bv2cgwq2mnjnr0000gn/T//ccP9CWPk.o (strlen)
/Users/henrik/Documents/Elektronik/STM32/STM32-base/tools/bin/../lib/gcc/arm-none-eabi/9.3.1/../../../../arm-none-eabi/lib/thumb/v7e-m+fp/hard/libc_nano.a(lib_a-vsprintf.o)
                              /var/folders/bh/wcqvvwzn6z9bv2cgwq2mnjnr0000gn/T//ccP9CWPk.o (vsprintf)
/Users/henrik/Documents/Elektronik/STM32/STM32-base/tools/bin/../lib/gcc/arm-none-eabi/9.3.1/../../../../arm-none-eabi/lib/thumb/v7e-m+fp/hard/libc_nano.a(lib_a-nano-svfprintf.o)
[...]
Memory Configuration

Name             Origin             Length             Attributes
FLASH            0x0000000008000000 0x0000000000080000 xr
RAM              0x0000000020000000 0x0000000000020000 xrw
CCMRAM           0x0000000010000000 0x0000000000000000 xrw
*default*        0x0000000000000000 0xffffffffffffffff

Linker script and memory map

LOAD /Users/henrik/Documents/Elektronik/STM32/STM32-base/tools/bin/../lib/gcc/arm-none-eabi/9.3.1/thumb/v7e-m+fp/hard/crti.o
LOAD /Users/henrik/Documents/Elektronik/STM32/STM32-base/tools/bin/../lib/gcc/arm-none-eabi/9.3.1/thumb/v7e-m+fp/hard/crtbegin.o
LOAD /Users/henrik/Documents/Elektronik/STM32/STM32-base/tools/bin/../lib/gcc/arm-none-eabi/9.3.1/../../../../arm-none-eabi/lib/thumb/v7e-m+fp/hard/crt0.o
                0x0000000020020000                __end_stack = (ORIGIN (RAM) + LENGTH (RAM))

.isr_vector     0x0000000008000000      0x198
                0x0000000008000000                . = ALIGN (0x4)
 *(.isr_vector)
 .isr_vector    0x0000000008000000      0x198 obj/startup_STM32F411xE.o
                0x0000000008000198                . = ALIGN (0x4)

.text           0x0000000008000198     0x4710
                0x0000000008000198                . = ALIGN (0x4)
                0x0000000008000198                __text_start = .
 *(.text)
 .text          0x0000000008000198       0x40 /Users/henrik/Documents/Elektronik/STM32/STM32-base/tools/bin/../lib/gcc/arm-none-eabi/9.3.1/thumb/v7e-m+fp/hard/crtbegin.o
 *(.text*)
 .text.__libc_init_array
                0x00000000080001d8       0x48 /Users/henrik/Documents/Elektronik/STM32/STM32-base/tools/bin/../lib/gcc/arm-none-eabi/9.3.1/../../../../arm-none-eabi/lib/thumb/v7e-m+fp/hard/libc.a(lib_a-init.o)
                0x00000000080001d8                __libc_init_array
 .text.startup.register_fini
                0x0000000008000220       0x14 /Users/henrik/Documents/Elektronik/STM32/STM32-base/tools/bin/../lib/gcc/arm-none-eabi/9.3.1/../../../../arm-none-eabi/lib/thumb/v7e-m+fp/hard/libc.a(lib_a-__call_atexit.o)
 .text.atexit   0x0000000008000234        0xc /Users/henrik/Documents/Elektronik/STM32/STM32-base/tools/bin/../lib/gcc/arm-none-eabi/9.3.1/../../../../arm-none-eabi/lib/thumb/v7e-m+fp/hard/libc.a(lib_a-atexit.o)
                0x0000000008000234                atexit
 .text.__libc_fini_array
                0x0000000008000240       0x2c /Users/henrik/Documents/Elektronik/STM32/STM32-base/tools/bin/../lib/gcc/arm-none-eabi/9.3.1/../../../../arm-none-eabi/lib/thumb/v7e-m+fp/hard/libc.a(lib_a-fini.o)
                0x0000000008000240                __libc_fini_array
 .text.__retarget_lock_acquire_recursive
                0x000000000800026c        0x4 /Users/henrik/Documents/Elektronik/STM32/STM32-base/tools/bin/../lib/gcc/arm-none-eabi/9.3.1/../../../../arm-none-eabi/lib/thumb/v7e-m+fp/hard/libc.a(lib_a-lock.o)
                0x000000000800026c                __retarget_lock_acquire_recursive
 .text.__retarget_lock_release_recursive
                0x0000000008000270        0x4 /Users/henrik/Documents/Elektronik/STM32/STM32-base/tools/bin/../lib/gcc/arm-none-eabi/9.3.1/../../../../arm-none-eabi/lib/thumb/v7e-m+fp/hard/libc.a(lib_a-lock.o)
                0x0000000008000270                __retarget_lock_release_recursive
 .text.__register_exitproc
                0x0000000008000274       0x8c /Users/henrik/Documents/Elektronik/STM32/STM32-base/tools/bin/../lib/gcc/arm-none-eabi/9.3.1/../../../../arm-none-eabi/lib/thumb/v7e-m+fp/hard/libc.a(lib_a-__atexit.o)
                0x0000000008000274                __register_exitproc
 .text.__NVIC_EnableIRQ
                0x0000000008000300       0x3c /var/folders/bh/wcqvvwzn6z9bv2cgwq2mnjnr0000gn/T//cc7JBC5r.o
 .text.__NVIC_SetPriority
                0x000000000800033c       0x54 /var/folders/bh/wcqvvwzn6z9bv2cgwq2mnjnr0000gn/T//cc7JBC5r.o
 .text.ADCInit  0x0000000008000390      0x13c /var/folders/bh/wcqvvwzn6z9bv2cgwq2mnjnr0000gn/T//cc7JBC5r.o
                0x0000000008000390                ADCInit
 .text.ADC_IRQHandler
                0x00000000080004cc       0xcc /var/folders/bh/wcqvvwzn6z9bv2cgwq2mnjnr0000gn/T//cc7JBC5r.o
                0x00000000080004cc                ADC_IRQHandler
 .text.ADCRead  0x0000000008000598       0x20 /var/folders/bh/wcqvvwzn6z9bv2cgwq2mnjnr0000gn/T//cc7JBC5r.o
                0x0000000008000598                ADCRead
 .text.AudioInit
                0x00000000080005b8      0x1fc /var/folders/bh/wcqvvwzn6z9bv2cgwq2mnjnr0000gn/T//ccsRHDTe.o
                0x00000000080005b8                AudioInit
 .text.AudioReconfigure
                0x00000000080007b4      0x1f4 /var/folders/bh/wcqvvwzn6z9bv2cgwq2mnjnr0000gn/T//ccsRHDTe.o
                0x00000000080007b4                AudioReconfigure
 .text.EnableAudio
                0x00000000080009a8       0x70 /var/folders/bh/wcqvvwzn6z9bv2cgwq2mnjnr0000gn/T//ccsRHDTe.o
                0x00000000080009a8                EnableAudio
 .text.DisableAudio
                0x0000000008000a18       0x80 /var/folders/bh/wcqvvwzn6z9bv2cgwq2mnjnr0000gn/T//ccsRHDTe.o
                0x0000000008000a18                DisableAudio
 .text.__NVIC_EnableIRQ
                0x0000000008000a98       0x3c /var/folders/bh/wcqvvwzn6z9bv2cgwq2mnjnr0000gn/T//ccNI6u6R.o
 .text.__NVIC_SetPriority
                0x0000000008000ad4       0x54 /var/folders/bh/wcqvvwzn6z9bv2cgwq2mnjnr0000gn/T//ccNI6u6R.o
 .text.debounceInit
                0x0000000008000b28       0xc8 /var/folders/bh/wcqvvwzn6z9bv2cgwq2mnjnr0000gn/T//ccNI6u6R.o
                0x0000000008000b28                debounceInit
 .text.buttonReleased
                0x0000000008000bf0       0x9c /var/folders/bh/wcqvvwzn6z9bv2cgwq2mnjnr0000gn/T//ccNI6u6R.o
                0x0000000008000bf0                buttonReleased
 .text.TIM5_IRQHandler
                0x0000000008000c8c      0x258 /var/folders/bh/wcqvvwzn6z9bv2cgwq2mnjnr0000gn/T//ccNI6u6R.o
                0x0000000008000c8c                TIM5_IRQHandler
 .text.__NVIC_EnableIRQ
                0x0000000008000ee4       0x3c /var/folders/bh/wcqvvwzn6z9bv2cgwq2mnjnr0000gn/T//ccUu5wHg.o
 .text.LEDRampInit
                0x0000000008000f20       0x78 /var/folders/bh/wcqvvwzn6z9bv2cgwq2mnjnr0000gn/T//ccUu5wHg.o
                0x0000000008000f20                LEDRampInit
 .text.TIM4_IRQHandler
                0x0000000008000f98       0xfc /var/folders/bh/wcqvvwzn6z9bv2cgwq2mnjnr0000gn/T//ccUu5wHg.o
                0x0000000008000f98                TIM4_IRQHandler
 .text.setLEDRampVal
                0x0000000008001094      0x614 /var/folders/bh/wcqvvwzn6z9bv2cgwq2mnjnr0000gn/T//ccUu5wHg.o
                0x0000000008001094                setLEDRampVal
 .text.setLEDPeakVal
                0x00000000080016a8       0xe0 /var/folders/bh/wcqvvwzn6z9bv2cgwq2mnjnr0000gn/T//ccUu5wHg.o
                0x00000000080016a8                setLEDPeakVal
 .text.__NVIC_SetPriority
                0x0000000008001788       0x54 /var/folders/bh/wcqvvwzn6z9bv2cgwq2mnjnr0000gn/T//ccKbQ0Ea.o
 .text.SysTick_Config
                0x00000000080017dc       0x44 /var/folders/bh/wcqvvwzn6z9bv2cgwq2mnjnr0000gn/T//ccKbQ0Ea.o
 .text.ClockInit
                0x0000000008001820      0x190 /var/folders/bh/wcqvvwzn6z9bv2cgwq2mnjnr0000gn/T//ccKbQ0Ea.o
                0x0000000008001820                ClockInit
 .text.GPIOInit
                0x00000000080019b0      0x440 /var/folders/bh/wcqvvwzn6z9bv2cgwq2mnjnr0000gn/T//ccKbQ0Ea.o
                0x00000000080019b0                GPIOInit
 .text.main     0x0000000008001df0      0x2c0 /var/folders/bh/wcqvvwzn6z9bv2cgwq2mnjnr0000gn/T//ccKbQ0Ea.o
                0x0000000008001df0                main
 .text.__NVIC_EnableIRQ
                0x00000000080020b0       0x3c /var/folders/bh/wcqvvwzn6z9bv2cgwq2mnjnr0000gn/T//ccBluM20.o
 .text.__NVIC_SetPriority
                0x00000000080020ec       0x54 /var/folders/bh/wcqvvwzn6z9bv2cgwq2mnjnr0000gn/T//ccBluM20.o
 .text.ShutdownCtlInit
                0x0000000008002140       0x44 /var/folders/bh/wcqvvwzn6z9bv2cgwq2mnjnr0000gn/T//ccBluM20.o
                0x0000000008002140                ShutdownCtlInit
 .text.PVD_IRQHandler
                0x0000000008002184       0x30 /var/folders/bh/wcqvvwzn6z9bv2cgwq2mnjnr0000gn/T//ccBluM20.o
                0x0000000008002184                PVD_IRQHandler
 .text.__NVIC_EnableIRQ
                0x00000000080021b4       0x3c /var/folders/bh/wcqvvwzn6z9bv2cgwq2mnjnr0000gn/T//ccxpvrSJ.o
 .text.__NVIC_SetPriority
                0x00000000080021f0       0x54 /var/folders/bh/wcqvvwzn6z9bv2cgwq2mnjnr0000gn/T//ccxpvrSJ.o
 .text.usbd_init
                0x0000000008002244       0x42 /var/folders/bh/wcqvvwzn6z9bv2cgwq2mnjnr0000gn/T//ccxpvrSJ.o
 .text.usbd_reg_control
                0x0000000008002286       0x1c /var/folders/bh/wcqvvwzn6z9bv2cgwq2mnjnr0000gn/T//ccxpvrSJ.o
 .text.usbd_reg_config
                0x00000000080022a2       0x1c /var/folders/bh/wcqvvwzn6z9bv2cgwq2mnjnr0000gn/T//ccxpvrSJ.o
 .text.usbd_reg_descr
                0x00000000080022be       0x1c /var/folders/bh/wcqvvwzn6z9bv2cgwq2mnjnr0000gn/T//ccxpvrSJ.o
 .text.usbd_ep_config
                0x00000000080022da       0x32 /var/folders/bh/wcqvvwzn6z9bv2cgwq2mnjnr0000gn/T//ccxpvrSJ.o
 .text.usbd_ep_deconfig
                0x000000000800230c       0x20 /var/folders/bh/wcqvvwzn6z9bv2cgwq2mnjnr0000gn/T//ccxpvrSJ.o
 .text.usbd_reg_endpoint
                0x000000000800232c       0x2c /var/folders/bh/wcqvvwzn6z9bv2cgwq2mnjnr0000gn/T//ccxpvrSJ.o
 .text.usbd_reg_event
                0x0000000008002358       0x28 /var/folders/bh/wcqvvwzn6z9bv2cgwq2mnjnr0000gn/T//ccxpvrSJ.o
 .text.usbd_ep_write
                0x0000000008002380       0x2c /var/folders/bh/wcqvvwzn6z9bv2cgwq2mnjnr0000gn/T//ccxpvrSJ.o
 .text.usbd_ep_read
                0x00000000080023ac       0x2c /var/folders/bh/wcqvvwzn6z9bv2cgwq2mnjnr0000gn/T//ccxpvrSJ.o
 .text.usbd_ep_stall
                0x00000000080023d8       0x22 /var/folders/bh/wcqvvwzn6z9bv2cgwq2mnjnr0000gn/T//ccxpvrSJ.o
 .text.usbd_enable
                0x00000000080023fa       0x20 /var/folders/bh/wcqvvwzn6z9bv2cgwq2mnjnr0000gn/T//ccxpvrSJ.o
 .text.usbd_connect
                0x000000000800241a       0x22 /var/folders/bh/wcqvvwzn6z9bv2cgwq2mnjnr0000gn/T//ccxpvrSJ.o
 .text.usbd_flush_tx
                0x000000000800243c       0x20 /var/folders/bh/wcqvvwzn6z9bv2cgwq2mnjnr0000gn/T//ccxpvrSJ.o
 .text.usbd_flush_rx
                0x000000000800245c       0x18 /var/folders/bh/wcqvvwzn6z9bv2cgwq2mnjnr0000gn/T//ccxpvrSJ.o
 .text.usbd_toggle_sof
                0x0000000008002474       0x20 /var/folders/bh/wcqvvwzn6z9bv2cgwq2mnjnr0000gn/T//ccxpvrSJ.o
 .text.SetFsLED
                0x0000000008002494       0xb4 /var/folders/bh/wcqvvwzn6z9bv2cgwq2mnjnr0000gn/T//ccxpvrSJ.o
                0x0000000008002494                SetFsLED
 .text.clamp    0x0000000008002548       0x2e /var/folders/bh/wcqvvwzn6z9bv2cgwq2mnjnr0000gn/T//ccxpvrSJ.o
 *fill*         0x0000000008002576        0x2 
 .text.reset_fb_data
                0x0000000008002578       0xa8 /var/folders/bh/wcqvvwzn6z9bv2cgwq2mnjnr0000gn/T//ccxpvrSJ.o
                0x0000000008002578                reset_fb_data
 .text.OTG_FS_IRQHandler
                0x0000000008002620       0x14 /var/folders/bh/wcqvvwzn6z9bv2cgwq2mnjnr0000gn/T//ccxpvrSJ.o
                0x0000000008002620                OTG_FS_IRQHandler
 .text.EPIN     0x0000000008002634       0x20 /var/folders/bh/wcqvvwzn6z9bv2cgwq2mnjnr0000gn/T//ccxpvrSJ.o
 .text.send_feedback
                0x0000000008002654       0x6c /var/folders/bh/wcqvvwzn6z9bv2cgwq2mnjnr0000gn/T//ccxpvrSJ.o
 .text.ept1_callback
                0x00000000080026c0      0x21c /var/folders/bh/wcqvvwzn6z9bv2cgwq2mnjnr0000gn/T//ccxpvrSJ.o
 .text.ept2_callback
                0x00000000080028dc       0x34 /var/folders/bh/wcqvvwzn6z9bv2cgwq2mnjnr0000gn/T//ccxpvrSJ.o
 .text.event_sof
                0x0000000008002910      0x124 /var/folders/bh/wcqvvwzn6z9bv2cgwq2mnjnr0000gn/T//ccxpvrSJ.o
 .text.event_incompl
                0x0000000008002a34       0x6c /var/folders/bh/wcqvvwzn6z9bv2cgwq2mnjnr0000gn/T//ccxpvrSJ.o
 .text.hid_eptIn
                0x0000000008002aa0       0xc8 /var/folders/bh/wcqvvwzn6z9bv2cgwq2mnjnr0000gn/T//ccxpvrSJ.o
 .text.uac_getdesc
                0x0000000008002b68       0xc0 /var/folders/bh/wcqvvwzn6z9bv2cgwq2mnjnr0000gn/T//ccxpvrSJ.o
 .text.uac_control
                0x0000000008002c28      0x288 /var/folders/bh/wcqvvwzn6z9bv2cgwq2mnjnr0000gn/T//ccxpvrSJ.o
 .text.uac_setconf
                0x0000000008002eb0      0x110 /var/folders/bh/wcqvvwzn6z9bv2cgwq2mnjnr0000gn/T//ccxpvrSJ.o
 .text.set_current
                0x0000000008002fc0       0xf0 /var/folders/bh/wcqvvwzn6z9bv2cgwq2mnjnr0000gn/T//ccxpvrSJ.o
                0x0000000008002fc0                set_current
 .text.get_current
                0x00000000080030b0       0x50 /var/folders/bh/wcqvvwzn6z9bv2cgwq2mnjnr0000gn/T//ccxpvrSJ.o
                0x00000000080030b0                get_current
 .text.get_max  0x0000000008003100       0x1e /var/folders/bh/wcqvvwzn6z9bv2cgwq2mnjnr0000gn/T//ccxpvrSJ.o
                0x0000000008003100                get_max
 .text.get_min  0x000000000800311e       0x1e /var/folders/bh/wcqvvwzn6z9bv2cgwq2mnjnr0000gn/T//ccxpvrSJ.o
                0x000000000800311e                get_min
 .text.get_res  0x000000000800313c       0x1e /var/folders/bh/wcqvvwzn6z9bv2cgwq2mnjnr0000gn/T//ccxpvrSJ.o
                0x000000000800313c                get_res
 *fill*         0x000000000800315a        0x2 
 .text.USBDeviceInit
                0x000000000800315c      0x1c8 /var/folders/bh/wcqvvwzn6z9bv2cgwq2mnjnr0000gn/T//ccxpvrSJ.o
                0x000000000800315c                USBDeviceInit
 .text.usbd_getinfo
                0x0000000008003324       0x1a /var/folders/bh/wcqvvwzn6z9bv2cgwq2mnjnr0000gn/T//ccQ7bSu7.o
 *fill*         0x000000000800333e        0x2 
 .text.usbd_process_reset
                0x0000000008003340       0x50 /var/folders/bh/wcqvvwzn6z9bv2cgwq2mnjnr0000gn/T//ccQ7bSu7.o
 .text.usbd_set_address
                0x0000000008003390       0x36 /var/folders/bh/wcqvvwzn6z9bv2cgwq2mnjnr0000gn/T//ccQ7bSu7.o
 .text.usbd_process_callback
                0x00000000080033c6       0x2c /var/folders/bh/wcqvvwzn6z9bv2cgwq2mnjnr0000gn/T//ccQ7bSu7.o
 .text.usbd_configure
                0x00000000080033f2       0x4e /var/folders/bh/wcqvvwzn6z9bv2cgwq2mnjnr0000gn/T//ccQ7bSu7.o
 .text.usbd_process_devrq
                0x0000000008003440       0xf0 /var/folders/bh/wcqvvwzn6z9bv2cgwq2mnjnr0000gn/T//ccQ7bSu7.o
 .text.usbd_process_intrq
                0x0000000008003530       0x32 /var/folders/bh/wcqvvwzn6z9bv2cgwq2mnjnr0000gn/T//ccQ7bSu7.o
 .text.usbd_process_eptrq
                0x0000000008003562       0x7a /var/folders/bh/wcqvvwzn6z9bv2cgwq2mnjnr0000gn/T//ccQ7bSu7.o
 .text.usbd_process_request
                0x00000000080035dc       0x78 /var/folders/bh/wcqvvwzn6z9bv2cgwq2mnjnr0000gn/T//ccQ7bSu7.o
 .text.usbd_stall_pid
                0x0000000008003654       0x44 /var/folders/bh/wcqvvwzn6z9bv2cgwq2mnjnr0000gn/T//ccQ7bSu7.o
 .text.usbd_process_eptx
                0x0000000008003698       0xd6 /var/folders/bh/wcqvvwzn6z9bv2cgwq2mnjnr0000gn/T//ccQ7bSu7.o
 .text.usbd_process_eprx
                0x000000000800376e      0x1ce /var/folders/bh/wcqvvwzn6z9bv2cgwq2mnjnr0000gn/T//ccQ7bSu7.o
 .text.usbd_process_ep0
                0x000000000800393c       0x54 /var/folders/bh/wcqvvwzn6z9bv2cgwq2mnjnr0000gn/T//ccQ7bSu7.o
 .text.usbd_process_evt
                0x0000000008003990       0x8a /var/folders/bh/wcqvvwzn6z9bv2cgwq2mnjnr0000gn/T//ccQ7bSu7.o
 *fill*         0x0000000008003a1a        0x2 
 .text.usbd_poll
                0x0000000008003a1c       0x20 /var/folders/bh/wcqvvwzn6z9bv2cgwq2mnjnr0000gn/T//ccQ7bSu7.o
                0x0000000008003a1c                usbd_poll
 .text.EPFIFO   0x0000000008003a3c       0x20 /var/folders/bh/wcqvvwzn6z9bv2cgwq2mnjnr0000gn/T//cc6wjjdK.o
 .text.EPIN     0x0000000008003a5c       0x20 /var/folders/bh/wcqvvwzn6z9bv2cgwq2mnjnr0000gn/T//cc6wjjdK.o
 .text.EPOUT    0x0000000008003a7c       0x20 /var/folders/bh/wcqvvwzn6z9bv2cgwq2mnjnr0000gn/T//cc6wjjdK.o
 .text.Flush_RX
                0x0000000008003a9c       0x30 /var/folders/bh/wcqvvwzn6z9bv2cgwq2mnjnr0000gn/T//cc6wjjdK.o
 .text.Flush_TX
                0x0000000008003acc       0x46 /var/folders/bh/wcqvvwzn6z9bv2cgwq2mnjnr0000gn/T//cc6wjjdK.o
 *fill*         0x0000000008003b12        0x2 
 .text.getinfo  0x0000000008003b14       0x38 /var/folders/bh/wcqvvwzn6z9bv2cgwq2mnjnr0000gn/T//cc6wjjdK.o
 .text.ep_setstall
                0x0000000008003b4c       0xae /var/folders/bh/wcqvvwzn6z9bv2cgwq2mnjnr0000gn/T//cc6wjjdK.o
 .text.ep_isstalled
                0x0000000008003bfa       0x58 /var/folders/bh/wcqvvwzn6z9bv2cgwq2mnjnr0000gn/T//cc6wjjdK.o
 *fill*         0x0000000008003c52        0x2 
 .text.enable   0x0000000008003c54      0x100 /var/folders/bh/wcqvvwzn6z9bv2cgwq2mnjnr0000gn/T//cc6wjjdK.o
 .text.connect  0x0000000008003d54       0x5c /var/folders/bh/wcqvvwzn6z9bv2cgwq2mnjnr0000gn/T//cc6wjjdK.o
 .text.setaddr  0x0000000008003db0       0x30 /var/folders/bh/wcqvvwzn6z9bv2cgwq2mnjnr0000gn/T//cc6wjjdK.o
 .text.set_tx_fifo
                0x0000000008003de0       0xb6 /var/folders/bh/wcqvvwzn6z9bv2cgwq2mnjnr0000gn/T//cc6wjjdK.o
 *fill*         0x0000000008003e96        0x2 
 .text.ep_config
                0x0000000008003e98      0x1d4 /var/folders/bh/wcqvvwzn6z9bv2cgwq2mnjnr0000gn/T//cc6wjjdK.o
 .text.ep_activate
                0x000000000800406c       0x4a /var/folders/bh/wcqvvwzn6z9bv2cgwq2mnjnr0000gn/T//cc6wjjdK.o
 *fill*         0x00000000080040b6        0x2 
 .text.ep_deconfig
                0x00000000080040b8       0xc0 /var/folders/bh/wcqvvwzn6z9bv2cgwq2mnjnr0000gn/T//cc6wjjdK.o
 .text.ep_read  0x0000000008004178       0xa8 /var/folders/bh/wcqvvwzn6z9bv2cgwq2mnjnr0000gn/T//cc6wjjdK.o
 .text.ep_write
                0x0000000008004220       0xda /var/folders/bh/wcqvvwzn6z9bv2cgwq2mnjnr0000gn/T//cc6wjjdK.o
 *fill*         0x00000000080042fa        0x2 
 .text.get_frame
                0x00000000080042fc       0x20 /var/folders/bh/wcqvvwzn6z9bv2cgwq2mnjnr0000gn/T//cc6wjjdK.o
 .text.toggle_sof
                0x000000000800431c       0x90 /var/folders/bh/wcqvvwzn6z9bv2cgwq2mnjnr0000gn/T//cc6wjjdK.o
 .text.evt_poll
                0x00000000080043ac      0x1dc /var/folders/bh/wcqvvwzn6z9bv2cgwq2mnjnr0000gn/T//cc6wjjdK.o
 .text.fnv1a32_turn
                0x0000000008004588       0x48 /var/folders/bh/wcqvvwzn6z9bv2cgwq2mnjnr0000gn/T//cc6wjjdK.o
 .text.get_serialno_desc
                0x00000000080045d0       0xa4 /var/folders/bh/wcqvvwzn6z9bv2cgwq2mnjnr0000gn/T//cc6wjjdK.o
 .text.SysTick_Handler
                0x0000000008004674       0x3c /var/folders/bh/wcqvvwzn6z9bv2cgwq2mnjnr0000gn/T//ccnIsRFS.o
                0x0000000008004674                SysTick_Handler
 .text.delay_ms
                0x00000000080046b0       0x2c /var/folders/bh/wcqvvwzn6z9bv2cgwq2mnjnr0000gn/T//ccnIsRFS.o
                0x00000000080046b0                delay_ms
 .text.SystemInit
                0x00000000080046dc       0x6c /var/folders/bh/wcqvvwzn6z9bv2cgwq2mnjnr0000gn/T//ccbtMi7z.o
                0x00000000080046dc                SystemInit
 .text.SystemCoreClockUpdate
                0x0000000008004748      0x100 /var/folders/bh/wcqvvwzn6z9bv2cgwq2mnjnr0000gn/T//ccbtMi7z.o
                0x0000000008004748                SystemCoreClockUpdate
 .text.Reset_Handler
                0x0000000008004848       0x44 obj/startup_STM32F411xE.o
                0x0000000008004848                Reset_Handler
 .text.Default_Handler
                0x000000000800488c        0x2 obj/startup_STM32F411xE.o
                0x000000000800488c                DMA1_Stream3_IRQHandler
                0x000000000800488c                EXTI2_IRQHandler
                0x000000000800488c                DebugMon_Handler
                0x000000000800488c                SPI4_IRQHandler
                0x000000000800488c                TIM1_CC_IRQHandler
                0x000000000800488c                DMA2_Stream5_IRQHandler
                0x000000000800488c                HardFault_Handler
                0x000000000800488c                DMA1_Stream5_IRQHandler
                0x000000000800488c                SDIO_IRQHandler
                0x000000000800488c                TAMP_STAMP_IRQHandler
                0x000000000800488c                PendSV_Handler
                0x000000000800488c                NMI_Handler
                0x000000000800488c                EXTI3_IRQHandler
                0x000000000800488c                TIM1_UP_TIM10_IRQHandler
                0x000000000800488c                I2C3_ER_IRQHandler
                0x000000000800488c                EXTI0_IRQHandler
                0x000000000800488c                I2C2_EV_IRQHandler
                0x000000000800488c                DMA1_Stream2_IRQHandler
                0x000000000800488c                FPU_IRQHandler
                0x000000000800488c                UsageFault_Handler
                0x000000000800488c                DMA2_Stream2_IRQHandler
                0x000000000800488c                SPI1_IRQHandler
                0x000000000800488c                TIM1_BRK_TIM9_IRQHandler
                0x000000000800488c                DMA2_Stream3_IRQHandler
                0x000000000800488c                USART6_IRQHandler
                0x000000000800488c                DMA2_Stream0_IRQHandler
                0x000000000800488c                I2C1_EV_IRQHandler
                0x000000000800488c                DMA1_Stream6_IRQHandler
                0x000000000800488c                DMA1_Stream1_IRQHandler
                0x000000000800488c                TIM3_IRQHandler
                0x000000000800488c                RCC_IRQHandler
                0x000000000800488c                Default_Handler
                0x000000000800488c                EXTI15_10_IRQHandler
                0x000000000800488c                DMA1_Stream7_IRQHandler
                0x000000000800488c                SPI5_IRQHandler
                0x000000000800488c                DMA2_Stream7_IRQHandler
                0x000000000800488c                I2C3_EV_IRQHandler
                0x000000000800488c                EXTI9_5_IRQHandler
                0x000000000800488c                RTC_WKUP_IRQHandler
                0x000000000800488c                SPI2_IRQHandler
                0x000000000800488c                MemManage_Handler
                0x000000000800488c                DMA1_Stream0_IRQHandler
                0x000000000800488c                SVC_Handler
                0x000000000800488c                EXTI4_IRQHandler
                0x000000000800488c                WWDG_IRQHandler
                0x000000000800488c                TIM2_IRQHandler
                0x000000000800488c                OTG_FS_WKUP_IRQHandler
                0x000000000800488c                TIM1_TRG_COM_TIM11_IRQHandler
                0x000000000800488c                EXTI1_IRQHandler
                0x000000000800488c                USART2_IRQHandler
                0x000000000800488c                I2C2_ER_IRQHandler
                0x000000000800488c                DMA2_Stream1_IRQHandler
                0x000000000800488c                FLASH_IRQHandler
                0x000000000800488c                DMA2_Stream4_IRQHandler
                0x000000000800488c                BusFault_Handler
                0x000000000800488c                USART1_IRQHandler
                0x000000000800488c                SPI3_IRQHandler
                0x000000000800488c                DMA1_Stream4_IRQHandler
                0x000000000800488c                I2C1_ER_IRQHandler
                0x000000000800488c                DMA2_Stream6_IRQHandler
                0x000000000800488c                RTC_Alarm_IRQHandler
 *(.glue_7)
 .glue_7        0x000000000800488e        0x0 linker stubs
 *(.glue_7t)
 .glue_7t       0x000000000800488e        0x0 linker stubs
 *(.eh_frame)
 *fill*         0x000000000800488e        0x2 
 .eh_frame      0x0000000008004890        0x0 /Users/henrik/Documents/Elektronik/STM32/STM32-base/tools/bin/../lib/gcc/arm-none-eabi/9.3.1/thumb/v7e-m+fp/hard/crtbegin.o
 *(.init)
 .init          0x0000000008004890        0x4 /Users/henrik/Documents/Elektronik/STM32/STM32-base/tools/bin/../lib/gcc/arm-none-eabi/9.3.1/thumb/v7e-m+fp/hard/crti.o
                0x0000000008004890                _init
 .init          0x0000000008004894        0x8 /Users/henrik/Documents/Elektronik/STM32/STM32-base/tools/bin/../lib/gcc/arm-none-eabi/9.3.1/thumb/v7e-m+fp/hard/crtn.o
 *(.fini)
 .fini          0x000000000800489c        0x4 /Users/henrik/Documents/Elektronik/STM32/STM32-base/tools/bin/../lib/gcc/arm-none-eabi/9.3.1/thumb/v7e-m+fp/hard/crti.o
                0x000000000800489c                _fini
 .fini          0x00000000080048a0        0x8 /Users/henrik/Documents/Elektronik/STM32/STM32-base/tools/bin/../lib/gcc/arm-none-eabi/9.3.1/thumb/v7e-m+fp/hard/crtn.o
                0x00000000080048a8                . = ALIGN (0x4)
                0x00000000080048a8                __text_end = .

.vfp11_veneer   0x00000000080048a8        0x0
 .vfp11_veneer  0x00000000080048a8        0x0 linker stubs

.v4_bx          0x00000000080048a8        0x0
 .v4_bx         0x00000000080048a8        0x0 linker stubs

.iplt           0x00000000080048a8        0x0
 .iplt          0x00000000080048a8        0x0 /Users/henrik/Documents/Elektronik/STM32/STM32-base/tools/bin/../lib/gcc/arm-none-eabi/9.3.1/thumb/v7e-m+fp/hard/crtbegin.o

.rodata         0x00000000080048a8      0x178
                0x00000000080048a8                . = ALIGN (0x4)
                0x00000000080048a8                __rodata_start = .
 *(.rodata)
 *(.rodata*)
 .rodata._global_impure_ptr
                0x00000000080048a8        0x4 /Users/henrik/Documents/Elektronik/STM32/STM32-base/tools/bin/../lib/gcc/arm-none-eabi/9.3.1/../../../../arm-none-eabi/lib/thumb/v7e-m+fp/hard/libc.a(lib_a-impure.o)
                0x00000000080048a8                _global_impure_ptr
 .rodata.hid_report_desc
                0x00000000080048ac       0x1d /var/folders/bh/wcqvvwzn6z9bv2cgwq2mnjnr0000gn/T//ccxpvrSJ.o
 *fill*         0x00000000080048c9        0x3 
 .rodata.device_desc
                0x00000000080048cc       0x12 /var/folders/bh/wcqvvwzn6z9bv2cgwq2mnjnr0000gn/T//ccxpvrSJ.o
 *fill*         0x00000000080048de        0x2 
 .rodata.config_desc
                0x00000000080048e0       0xa4 /var/folders/bh/wcqvvwzn6z9bv2cgwq2mnjnr0000gn/T//ccxpvrSJ.o
 .rodata.lang_desc
                0x0000000008004984        0x4 /var/folders/bh/wcqvvwzn6z9bv2cgwq2mnjnr0000gn/T//ccxpvrSJ.o
 .rodata.manuf_desc_en
                0x0000000008004988       0x22 /var/folders/bh/wcqvvwzn6z9bv2cgwq2mnjnr0000gn/T//ccxpvrSJ.o
 *fill*         0x00000000080049aa        0x2 
 .rodata.prod_desc_en
                0x00000000080049ac       0x12 /var/folders/bh/wcqvvwzn6z9bv2cgwq2mnjnr0000gn/T//ccxpvrSJ.o
 *fill*         0x00000000080049be        0x2 
 .rodata.dtable
                0x00000000080049c0        0xc /var/folders/bh/wcqvvwzn6z9bv2cgwq2mnjnr0000gn/T//ccxpvrSJ.o
 .rodata.usbd_otgfs
                0x00000000080049cc       0x44 /var/folders/bh/wcqvvwzn6z9bv2cgwq2mnjnr0000gn/T//cc6wjjdK.o
                0x00000000080049cc                usbd_otgfs
 .rodata.AHBPrescTable
                0x0000000008004a10       0x10 /var/folders/bh/wcqvvwzn6z9bv2cgwq2mnjnr0000gn/T//ccbtMi7z.o
                0x0000000008004a10                AHBPrescTable
                0x0000000008004a20                . = ALIGN (0x4)
                0x0000000008004a20                __rodata_end = .

.rel.dyn        0x0000000008004a20        0x0
 .rel.iplt      0x0000000008004a20        0x0 /Users/henrik/Documents/Elektronik/STM32/STM32-base/tools/bin/../lib/gcc/arm-none-eabi/9.3.1/thumb/v7e-m+fp/hard/crtbegin.o

.ARM.extab
 *(.ARM.extab* .gnu.linkonce.armextab.*)

.ARM            0x0000000008004a20        0x0
                0x0000000008004a20                __exidx_start = .
 *(.ARM.exidx*)
                0x0000000008004a20                __exidx_end = .

.preinit_array  0x0000000008004a20        0x0
                0x0000000008004a20                PROVIDE (__preinit_array_start = .)
 *(.preinit_array*)
                0x0000000008004a20                PROVIDE (__preinit_array_end = .)

.init_array     0x0000000008004a20        0x8
                0x0000000008004a20                PROVIDE (__init_array_start = .)
 *(.init_array*)
 .init_array    0x0000000008004a20        0x4 /Users/henrik/Documents/Elektronik/STM32/STM32-base/tools/bin/../lib/gcc/arm-none-eabi/9.3.1/thumb/v7e-m+fp/hard/crtbegin.o
 .init_array.00000
                0x0000000008004a24        0x4 /Users/henrik/Documents/Elektronik/STM32/STM32-base/tools/bin/../lib/gcc/arm-none-eabi/9.3.1/../../../../arm-none-eabi/lib/thumb/v7e-m+fp/hard/libc.a(lib_a-__call_atexit.o)
                0x0000000008004a28                PROVIDE (__init_array_end = .)

.fini_array     0x0000000008004a28        0x4
                0x0000000008004a28                PROVIDE (__fini_array_start = .)
 *(.fini_array*)
 .fini_array    0x0000000008004a28        0x4 /Users/henrik/Documents/Elektronik/STM32/STM32-base/tools/bin/../lib/gcc/arm-none-eabi/9.3.1/thumb/v7e-m+fp/hard/crtbegin.o
                0x0000000008004a2c                PROVIDE (__fini_array_end = .)
                0x0000000008004a2c                __data_flash_start = LOADADDR (.data)

.data           0x0000000020000000      0x458 load address 0x0000000008004a2c
                0x0000000020000000                . = ALIGN (0x4)
                0x0000000020000000                __data_start = .
 *(.data)
 *(.data*)
 .data.impure_data
                0x0000000020000000      0x428 /Users/henrik/Documents/Elektronik/STM32/STM32-base/tools/bin/../lib/gcc/arm-none-eabi/9.3.1/../../../../arm-none-eabi/lib/thumb/v7e-m+fp/hard/libc.a(lib_a-impure.o)
 .data.__atexit_recursive_mutex
                0x0000000020000428        0x4 /Users/henrik/Documents/Elektronik/STM32/STM32-base/tools/bin/../lib/gcc/arm-none-eabi/9.3.1/../../../../arm-none-eabi/lib/thumb/v7e-m+fp/hard/libc.a(lib_a-__call_atexit.o)
                0x0000000020000428                __atexit_recursive_mutex
 .data.thresholds
                0x000000002000042c       0x28 /var/folders/bh/wcqvvwzn6z9bv2cgwq2mnjnr0000gn/T//ccUu5wHg.o
                0x000000002000042c                thresholds
 .data.SystemCoreClock
                0x0000000020000454        0x4 /var/folders/bh/wcqvvwzn6z9bv2cgwq2mnjnr0000gn/T//ccbtMi7z.o
                0x0000000020000454                SystemCoreClock
                0x0000000020000458                . = ALIGN (0x4)
                0x0000000020000458                __data_end = .

.igot.plt       0x0000000020000458        0x0 load address 0x0000000008004e84
 .igot.plt      0x0000000020000458        0x0 /Users/henrik/Documents/Elektronik/STM32/STM32-base/tools/bin/../lib/gcc/arm-none-eabi/9.3.1/thumb/v7e-m+fp/hard/crtbegin.o

.bss            0x0000000020000458     0x2e48 load address 0x0000000008004e84
                0x0000000020000458                . = ALIGN (0x4)
                0x0000000020000458                __bss_start = .
                0x0000000020000458                __bss_start__ = __bss_start
 *(.bss)
 .bss           0x0000000020000458       0x1c /Users/henrik/Documents/Elektronik/STM32/STM32-base/tools/bin/../lib/gcc/arm-none-eabi/9.3.1/thumb/v7e-m+fp/hard/crtbegin.o
 *(.bss*)
 .bss.hid_report_data
                0x0000000020000474        0x1 /var/folders/bh/wcqvvwzn6z9bv2cgwq2mnjnr0000gn/T//ccxpvrSJ.o
 *(COMMON)
 *fill*         0x0000000020000475        0x3 
 COMMON         0x0000000020000478       0x21 /Users/henrik/Documents/Elektronik/STM32/STM32-base/tools/bin/../lib/gcc/arm-none-eabi/9.3.1/../../../../arm-none-eabi/lib/thumb/v7e-m+fp/hard/libc.a(lib_a-lock.o)
                0x0000000020000478                __lock___atexit_recursive_mutex
                0x000000002000047c                __lock___arc4random_mutex
                0x0000000020000480                __lock___env_recursive_mutex
                0x0000000020000484                __lock___sinit_recursive_mutex
                0x0000000020000488                __lock___malloc_recursive_mutex
                0x000000002000048c                __lock___at_quick_exit_mutex
                0x0000000020000490                __lock___dd_hash_mutex
                0x0000000020000494                __lock___tz_mutex
                0x0000000020000498                __lock___sfp_recursive_mutex
 *fill*         0x0000000020000499        0x3 
 COMMON         0x000000002000049c     0x101c /var/folders/bh/wcqvvwzn6z9bv2cgwq2mnjnr0000gn/T//cc7JBC5r.o
                0x000000002000049c                sPtr
                0x00000000200004a4                sum
                0x00000000200004ac                samples
                0x00000000200014ac                ch
                0x00000000200014b0                adcData
 COMMON         0x00000000200014b8     0x180c /var/folders/bh/wcqvvwzn6z9bv2cgwq2mnjnr0000gn/T//ccsRHDTe.o
                0x00000000200014b8                audio_buffer
                0x0000000020002cb8                audio_status
 COMMON         0x0000000020002cc4       0x18 /var/folders/bh/wcqvvwzn6z9bv2cgwq2mnjnr0000gn/T//ccNI6u6R.o
                0x0000000020002cc4                buttonSteady
                0x0000000020002cc8                button
                0x0000000020002ccc                old
                0x0000000020002cd0                buttonFalling
                0x0000000020002cd4                buttonRising
                0x0000000020002cd8                count
 COMMON         0x0000000020002cdc       0x14 /var/folders/bh/wcqvvwzn6z9bv2cgwq2mnjnr0000gn/T//ccUu5wHg.o
                0x0000000020002cdc                peakVal
                0x0000000020002ce4                channel
                0x0000000020002ce8                timeout
 COMMON         0x0000000020002cf0       0x14 /var/folders/bh/wcqvvwzn6z9bv2cgwq2mnjnr0000gn/T//ccKbQ0Ea.o
                0x0000000020002cf0                audioSettings
 COMMON         0x0000000020002d04      0x594 /var/folders/bh/wcqvvwzn6z9bv2cgwq2mnjnr0000gn/T//ccxpvrSJ.o
                0x0000000020002d04                fbData
                0x0000000020002d1c                udev
                0x0000000020002d88                playing
                0x0000000020002d8c                ubuf
                0x0000000020002e0c                tmpBuf
 COMMON         0x0000000020003298        0x8 /var/folders/bh/wcqvvwzn6z9bv2cgwq2mnjnr0000gn/T//ccnIsRFS.o
                0x0000000020003298                ticks
                0x000000002000329c                msTicks
                0x00000000200032a0                . = ALIGN (0x4)
                0x00000000200032a0                __bss_end = .
                0x00000000200032a0                __bss_end__ = __bss_end
                0x0000000008004e84                __cmmdata_flash_start = LOADADDR (.ccmram)

.ccmram         0x0000000010000000        0x0 load address 0x0000000008004e84
                0x0000000010000000                . = ALIGN (0x4)
                0x0000000010000000                __ccmdata_start = .
 *(.ccmram)
 *(.ccmram*)
                0x0000000010000000                . = ALIGN (0x4)
                0x0000000010000000                __ccmdata_end = .

._user_heap_stack
                0x00000000200032a0      0x600
                0x00000000200032a0                . = ALIGN (0x4)
                0x00000000200032a0                PROVIDE (end = .)
                [!provide]                        PROVIDE (_end = .)
                0x00000000200034a0                . = (. + 0x200)
 *fill*         0x00000000200032a0      0x200 
                0x00000000200038a0                . = (. + 0x400)
 *fill*         0x00000000200034a0      0x400 
                0x00000000200038a0                . = ALIGN (0x4)

/DISCARD/
 libc.a(*)
 libm.a(*)
 libgcc.a(*)

.ARM.attributes
                0x0000000000000000       0x30
 *(.ARM.attributes)
 .ARM.attributes
                0x0000000000000000       0x1e /Users/henrik/Documents/Elektronik/STM32/STM32-base/tools/bin/../lib/gcc/arm-none-eabi/9.3.1/thumb/v7e-m+fp/hard/crti.o
 .ARM.attributes
                0x000000000000001e       0x34 /Users/henrik/Documents/Elektronik/STM32/STM32-base/tools/bin/../lib/gcc/arm-none-eabi/9.3.1/thumb/v7e-m+fp/hard/crtbegin.o
 .ARM.attributes
                0x0000000000000052       0x34 /var/folders/bh/wcqvvwzn6z9bv2cgwq2mnjnr0000gn/T//cc7JBC5r.o
 .ARM.attributes
                0x0000000000000086       0x34 /var/folders/bh/wcqvvwzn6z9bv2cgwq2mnjnr0000gn/T//ccsRHDTe.o
 .ARM.attributes
                0x00000000000000ba       0x34 /var/folders/bh/wcqvvwzn6z9bv2cgwq2mnjnr0000gn/T//ccNI6u6R.o
 .ARM.attributes
                0x00000000000000ee       0x34 /var/folders/bh/wcqvvwzn6z9bv2cgwq2mnjnr0000gn/T//ccUu5wHg.o
 .ARM.attributes
                0x0000000000000122       0x34 /var/folders/bh/wcqvvwzn6z9bv2cgwq2mnjnr0000gn/T//ccKbQ0Ea.o
 .ARM.attributes
                0x0000000000000156       0x34 /var/folders/bh/wcqvvwzn6z9bv2cgwq2mnjnr0000gn/T//ccBluM20.o
 .ARM.attributes
                0x000000000000018a       0x34 /var/folders/bh/wcqvvwzn6z9bv2cgwq2mnjnr0000gn/T//ccxpvrSJ.o
 .ARM.attributes
                0x00000000000001be       0x34 /var/folders/bh/wcqvvwzn6z9bv2cgwq2mnjnr0000gn/T//ccQ7bSu7.o
 .ARM.attributes
                0x00000000000001f2       0x34 /var/folders/bh/wcqvvwzn6z9bv2cgwq2mnjnr0000gn/T//cc6wjjdK.o
 .ARM.attributes
                0x0000000000000226       0x34 /var/folders/bh/wcqvvwzn6z9bv2cgwq2mnjnr0000gn/T//ccnIsRFS.o
 .ARM.attributes
                0x000000000000025a       0x34 /var/folders/bh/wcqvvwzn6z9bv2cgwq2mnjnr0000gn/T//ccbtMi7z.o
 .ARM.attributes
                0x000000000000028e       0x1c obj/startup_STM32F411xE.o
 .ARM.attributes
                0x00000000000002aa       0x1e /Users/henrik/Documents/Elektronik/STM32/STM32-base/tools/bin/../lib/gcc/arm-none-eabi/9.3.1/thumb/v7e-m+fp/hard/crtn.o
LOAD /var/folders/bh/wcqvvwzn6z9bv2cgwq2mnjnr0000gn/T//cc7JBC5r.o
LOAD /var/folders/bh/wcqvvwzn6z9bv2cgwq2mnjnr0000gn/T//ccsRHDTe.o
LOAD /var/folders/bh/wcqvvwzn6z9bv2cgwq2mnjnr0000gn/T//ccNI6u6R.o
LOAD /var/folders/bh/wcqvvwzn6z9bv2cgwq2mnjnr0000gn/T//ccUu5wHg.o
LOAD /var/folders/bh/wcqvvwzn6z9bv2cgwq2mnjnr0000gn/T//ccKbQ0Ea.o
LOAD /var/folders/bh/wcqvvwzn6z9bv2cgwq2mnjnr0000gn/T//ccBluM20.o
LOAD /var/folders/bh/wcqvvwzn6z9bv2cgwq2mnjnr0000gn/T//ccP9CWPk.o
LOAD /var/folders/bh/wcqvvwzn6z9bv2cgwq2mnjnr0000gn/T//ccxpvrSJ.o
LOAD /var/folders/bh/wcqvvwzn6z9bv2cgwq2mnjnr0000gn/T//ccQ7bSu7.o
LOAD /var/folders/bh/wcqvvwzn6z9bv2cgwq2mnjnr0000gn/T//cc6wjjdK.o
LOAD /var/folders/bh/wcqvvwzn6z9bv2cgwq2mnjnr0000gn/T//ccnIsRFS.o
LOAD /var/folders/bh/wcqvvwzn6z9bv2cgwq2mnjnr0000gn/T//ccbtMi7z.o
LOAD obj/startup_STM32F411xE.o
LOAD /Users/henrik/Documents/Elektronik/STM32/STM32-base/tools/bin/../lib/gcc/arm-none-eabi/9.3.1/../../../../arm-none-eabi/lib/thumb/v7e-m+fp/hard/libnosys.a
LOAD /Users/henrik/Documents/Elektronik/STM32/STM32-base/tools/bin/../lib/gcc/arm-none-eabi/9.3.1/../../../../arm-none-eabi/lib/thumb/v7e-m+fp/hard/libc_nano.a
LOAD ./STM32-base-STM32Cube/CMSIS_5/CMSIS/DSP/Lib/GCC/libarm_cortexM4lf_math.a
LOAD /Users/henrik/Documents/Elektronik/STM32/STM32-base/tools/bin/../lib/gcc/arm-none-eabi/9.3.1/../../../../arm-none-eabi/lib/thumb/v7e-m+fp/hard/libm.a
START GROUP
LOAD /Users/henrik/Documents/Elektronik/STM32/STM32-base/tools/bin/../lib/gcc/arm-none-eabi/9.3.1/thumb/v7e-m+fp/hard/libgcc.a
LOAD /Users/henrik/Documents/Elektronik/STM32/STM32-base/tools/bin/../lib/gcc/arm-none-eabi/9.3.1/../../../../arm-none-eabi/lib/thumb/v7e-m+fp/hard/libg_nano.a
LOAD /Users/henrik/Documents/Elektronik/STM32/STM32-base/tools/bin/../lib/gcc/arm-none-eabi/9.3.1/../../../../arm-none-eabi/lib/thumb/v7e-m+fp/hard/libc_nano.a
END GROUP
START GROUP
LOAD /Users/henrik/Documents/Elektronik/STM32/STM32-base/tools/bin/../lib/gcc/arm-none-eabi/9.3.1/thumb/v7e-m+fp/hard/libgcc.a
LOAD /Users/henrik/Documents/Elektronik/STM32/STM32-base/tools/bin/../lib/gcc/arm-none-eabi/9.3.1/../../../../arm-none-eabi/lib/thumb/v7e-m+fp/hard/libc_nano.a
LOAD /Users/henrik/Documents/Elektronik/STM32/STM32-base/tools/bin/../lib/gcc/arm-none-eabi/9.3.1/../../../../arm-none-eabi/lib/thumb/v7e-m+fp/hard/libnosys.a
END GROUP
START GROUP
LOAD /Users/henrik/Documents/Elektronik/STM32/STM32-base/tools/bin/../lib/gcc/arm-none-eabi/9.3.1/thumb/v7e-m+fp/hard/libgcc.a
LOAD /Users/henrik/Documents/Elektronik/STM32/STM32-base/tools/bin/../lib/gcc/arm-none-eabi/9.3.1/../../../../arm-none-eabi/lib/thumb/v7e-m+fp/hard/libc_nano.a
LOAD /Users/henrik/Documents/Elektronik/STM32/STM32-base/tools/bin/../lib/gcc/arm-none-eabi/9.3.1/../../../../arm-none-eabi/lib/thumb/v7e-m+fp/hard/libnosys.a
END GROUP
LOAD /Users/henrik/Documents/Elektronik/STM32/STM32-base/tools/bin/../lib/gcc/arm-none-eabi/9.3.1/thumb/v7e-m+fp/hard/crtend.o
LOAD /Users/henrik/Documents/Elektronik/STM32/STM32-base/tools/bin/../lib/gcc/arm-none-eabi/9.3.1/thumb/v7e-m+fp/hard/crtn.o
OUTPUT(bin/stm32_executable.elf elf32-littlearm)
LOAD linker stubs
LOAD /Users/henrik/Documents/Elektronik/STM32/STM32-base/tools/bin/../lib/gcc/arm-none-eabi/9.3.1/../../../../arm-none-eabi/lib/thumb/v7e-m+fp/hard/libc.a
LOAD /Users/henrik/Documents/Elektronik/STM32/STM32-base/tools/bin/../lib/gcc/arm-none-eabi/9.3.1/../../../../arm-none-eabi/lib/thumb/v7e-m+fp/hard/libm.a
LOAD /Users/henrik/Documents/Elektronik/STM32/STM32-base/tools/bin/../lib/gcc/arm-none-eabi/9.3.1/thumb/v7e-m+fp/hard/libgcc.a

.debug_info     0x0000000000000000     0x96f0
 .debug_info    0x0000000000000000      0xb57 /var/folders/bh/wcqvvwzn6z9bv2cgwq2mnjnr0000gn/T//cc7JBC5r.o
 .debug_info    0x0000000000000b57      0xe6c /var/folders/bh/wcqvvwzn6z9bv2cgwq2mnjnr0000gn/T//ccsRHDTe.o
 .debug_info    0x00000000000019c3      0xb86 /var/folders/bh/wcqvvwzn6z9bv2cgwq2mnjnr0000gn/T//ccNI6u6R.o
 .debug_info    0x0000000000002549      0x914 /var/folders/bh/wcqvvwzn6z9bv2cgwq2mnjnr0000gn/T//ccUu5wHg.o
 .debug_info    0x0000000000002e5d      0xaf6 /var/folders/bh/wcqvvwzn6z9bv2cgwq2mnjnr0000gn/T//ccKbQ0Ea.o
 .debug_info    0x0000000000003953      0x777 /var/folders/bh/wcqvvwzn6z9bv2cgwq2mnjnr0000gn/T//ccBluM20.o
 .debug_info    0x00000000000040ca     0x30d5 /var/folders/bh/wcqvvwzn6z9bv2cgwq2mnjnr0000gn/T//ccxpvrSJ.o
 .debug_info    0x000000000000719f      0xa31 /var/folders/bh/wcqvvwzn6z9bv2cgwq2mnjnr0000gn/T//ccQ7bSu7.o
 .debug_info    0x0000000000007bd0     0x13d3 /var/folders/bh/wcqvvwzn6z9bv2cgwq2mnjnr0000gn/T//cc6wjjdK.o
 .debug_info    0x0000000000008fa3      0x1b9 /var/folders/bh/wcqvvwzn6z9bv2cgwq2mnjnr0000gn/T//ccnIsRFS.o
 .debug_info    0x000000000000915c      0x572 /var/folders/bh/wcqvvwzn6z9bv2cgwq2mnjnr0000gn/T//ccbtMi7z.o
 .debug_info    0x00000000000096ce       0x22 obj/startup_STM32F411xE.o

.debug_abbrev   0x0000000000000000     0x1804
 .debug_abbrev  0x0000000000000000      0x231 /var/folders/bh/wcqvvwzn6z9bv2cgwq2mnjnr0000gn/T//cc7JBC5r.o
 .debug_abbrev  0x0000000000000231      0x274 /var/folders/bh/wcqvvwzn6z9bv2cgwq2mnjnr0000gn/T//ccsRHDTe.o
 .debug_abbrev  0x00000000000004a5      0x226 /var/folders/bh/wcqvvwzn6z9bv2cgwq2mnjnr0000gn/T//ccNI6u6R.o
 .debug_abbrev  0x00000000000006cb      0x200 /var/folders/bh/wcqvvwzn6z9bv2cgwq2mnjnr0000gn/T//ccUu5wHg.o
 .debug_abbrev  0x00000000000008cb      0x20b /var/folders/bh/wcqvvwzn6z9bv2cgwq2mnjnr0000gn/T//ccKbQ0Ea.o
 .debug_abbrev  0x0000000000000ad6      0x1b8 /var/folders/bh/wcqvvwzn6z9bv2cgwq2mnjnr0000gn/T//ccBluM20.o
 .debug_abbrev  0x0000000000000c8e      0x3d6 /var/folders/bh/wcqvvwzn6z9bv2cgwq2mnjnr0000gn/T//ccxpvrSJ.o
 .debug_abbrev  0x0000000000001064      0x219 /var/folders/bh/wcqvvwzn6z9bv2cgwq2mnjnr0000gn/T//ccQ7bSu7.o
 .debug_abbrev  0x000000000000127d      0x343 /var/folders/bh/wcqvvwzn6z9bv2cgwq2mnjnr0000gn/T//cc6wjjdK.o
 .debug_abbrev  0x00000000000015c0      0x109 /var/folders/bh/wcqvvwzn6z9bv2cgwq2mnjnr0000gn/T//ccnIsRFS.o
 .debug_abbrev  0x00000000000016c9      0x129 /var/folders/bh/wcqvvwzn6z9bv2cgwq2mnjnr0000gn/T//ccbtMi7z.o
 .debug_abbrev  0x00000000000017f2       0x12 obj/startup_STM32F411xE.o

.debug_aranges  0x0000000000000000      0x4c0
 .debug_aranges
                0x0000000000000000       0x40 /var/folders/bh/wcqvvwzn6z9bv2cgwq2mnjnr0000gn/T//cc7JBC5r.o
 .debug_aranges
                0x0000000000000040       0x38 /var/folders/bh/wcqvvwzn6z9bv2cgwq2mnjnr0000gn/T//ccsRHDTe.o
 .debug_aranges
                0x0000000000000078       0x60 /var/folders/bh/wcqvvwzn6z9bv2cgwq2mnjnr0000gn/T//ccNI6u6R.o
 .debug_aranges
                0x00000000000000d8       0x40 /var/folders/bh/wcqvvwzn6z9bv2cgwq2mnjnr0000gn/T//ccUu5wHg.o
 .debug_aranges
                0x0000000000000118       0x40 /var/folders/bh/wcqvvwzn6z9bv2cgwq2mnjnr0000gn/T//ccKbQ0Ea.o
 .debug_aranges
                0x0000000000000158       0x38 /var/folders/bh/wcqvvwzn6z9bv2cgwq2mnjnr0000gn/T//ccBluM20.o
 .debug_aranges
                0x0000000000000190      0x150 /var/folders/bh/wcqvvwzn6z9bv2cgwq2mnjnr0000gn/T//ccxpvrSJ.o
 .debug_aranges
                0x00000000000002e0       0x90 /var/folders/bh/wcqvvwzn6z9bv2cgwq2mnjnr0000gn/T//ccQ7bSu7.o
 .debug_aranges
                0x0000000000000370       0xc8 /var/folders/bh/wcqvvwzn6z9bv2cgwq2mnjnr0000gn/T//cc6wjjdK.o
 .debug_aranges
                0x0000000000000438       0x38 /var/folders/bh/wcqvvwzn6z9bv2cgwq2mnjnr0000gn/T//ccnIsRFS.o
 .debug_aranges
                0x0000000000000470       0x28 /var/folders/bh/wcqvvwzn6z9bv2cgwq2mnjnr0000gn/T//ccbtMi7z.o
 .debug_aranges
                0x0000000000000498       0x28 obj/startup_STM32F411xE.o

.debug_ranges   0x0000000000000000      0x450
 .debug_ranges  0x0000000000000000       0x30 /var/folders/bh/wcqvvwzn6z9bv2cgwq2mnjnr0000gn/T//cc7JBC5r.o
 .debug_ranges  0x0000000000000030       0x28 /var/folders/bh/wcqvvwzn6z9bv2cgwq2mnjnr0000gn/T//ccsRHDTe.o
 .debug_ranges  0x0000000000000058       0x50 /var/folders/bh/wcqvvwzn6z9bv2cgwq2mnjnr0000gn/T//ccNI6u6R.o
 .debug_ranges  0x00000000000000a8       0x30 /var/folders/bh/wcqvvwzn6z9bv2cgwq2mnjnr0000gn/T//ccUu5wHg.o
 .debug_ranges  0x00000000000000d8       0x30 /var/folders/bh/wcqvvwzn6z9bv2cgwq2mnjnr0000gn/T//ccKbQ0Ea.o
 .debug_ranges  0x0000000000000108       0x28 /var/folders/bh/wcqvvwzn6z9bv2cgwq2mnjnr0000gn/T//ccBluM20.o
 .debug_ranges  0x0000000000000130      0x140 /var/folders/bh/wcqvvwzn6z9bv2cgwq2mnjnr0000gn/T//ccxpvrSJ.o
 .debug_ranges  0x0000000000000270       0x80 /var/folders/bh/wcqvvwzn6z9bv2cgwq2mnjnr0000gn/T//ccQ7bSu7.o
 .debug_ranges  0x00000000000002f0      0x100 /var/folders/bh/wcqvvwzn6z9bv2cgwq2mnjnr0000gn/T//cc6wjjdK.o
 .debug_ranges  0x00000000000003f0       0x28 /var/folders/bh/wcqvvwzn6z9bv2cgwq2mnjnr0000gn/T//ccnIsRFS.o
 .debug_ranges  0x0000000000000418       0x18 /var/folders/bh/wcqvvwzn6z9bv2cgwq2mnjnr0000gn/T//ccbtMi7z.o
 .debug_ranges  0x0000000000000430       0x20 obj/startup_STM32F411xE.o

.debug_macro    0x0000000000000000    0x107e6
 .debug_macro   0x0000000000000000       0xde /var/folders/bh/wcqvvwzn6z9bv2cgwq2mnjnr0000gn/T//cc7JBC5r.o
 .debug_macro   0x00000000000000de      0xaba /var/folders/bh/wcqvvwzn6z9bv2cgwq2mnjnr0000gn/T//cc7JBC5r.o
 .debug_macro   0x0000000000000b98       0x2c /var/folders/bh/wcqvvwzn6z9bv2cgwq2mnjnr0000gn/T//cc7JBC5r.o
 .debug_macro   0x0000000000000bc4       0x28 /var/folders/bh/wcqvvwzn6z9bv2cgwq2mnjnr0000gn/T//cc7JBC5r.o
 .debug_macro   0x0000000000000bec       0x22 /var/folders/bh/wcqvvwzn6z9bv2cgwq2mnjnr0000gn/T//cc7JBC5r.o
 .debug_macro   0x0000000000000c0e       0x8e /var/folders/bh/wcqvvwzn6z9bv2cgwq2mnjnr0000gn/T//cc7JBC5r.o
 .debug_macro   0x0000000000000c9c       0x51 /var/folders/bh/wcqvvwzn6z9bv2cgwq2mnjnr0000gn/T//cc7JBC5r.o
 .debug_macro   0x0000000000000ced      0x103 /var/folders/bh/wcqvvwzn6z9bv2cgwq2mnjnr0000gn/T//cc7JBC5r.o
 .debug_macro   0x0000000000000df0       0x6a /var/folders/bh/wcqvvwzn6z9bv2cgwq2mnjnr0000gn/T//cc7JBC5r.o
 .debug_macro   0x0000000000000e5a      0x1df /var/folders/bh/wcqvvwzn6z9bv2cgwq2mnjnr0000gn/T//cc7JBC5r.o
 .debug_macro   0x0000000000001039       0x1c /var/folders/bh/wcqvvwzn6z9bv2cgwq2mnjnr0000gn/T//cc7JBC5r.o
 .debug_macro   0x0000000000001055       0x22 /var/folders/bh/wcqvvwzn6z9bv2cgwq2mnjnr0000gn/T//cc7JBC5r.o
 .debug_macro   0x0000000000001077      0x101 /var/folders/bh/wcqvvwzn6z9bv2cgwq2mnjnr0000gn/T//cc7JBC5r.o
 .debug_macro   0x0000000000001178     0x1011 /var/folders/bh/wcqvvwzn6z9bv2cgwq2mnjnr0000gn/T//cc7JBC5r.o
 .debug_macro   0x0000000000002189      0x11f /var/folders/bh/wcqvvwzn6z9bv2cgwq2mnjnr0000gn/T//cc7JBC5r.o
 .debug_macro   0x00000000000022a8     0xb93e /var/folders/bh/wcqvvwzn6z9bv2cgwq2mnjnr0000gn/T//cc7JBC5r.o
 .debug_macro   0x000000000000dbe6       0x43 /var/folders/bh/wcqvvwzn6z9bv2cgwq2mnjnr0000gn/T//cc7JBC5r.o
 .debug_macro   0x000000000000dc29      0x20f /var/folders/bh/wcqvvwzn6z9bv2cgwq2mnjnr0000gn/T//ccsRHDTe.o
 .debug_macro   0x000000000000de38       0x52 /var/folders/bh/wcqvvwzn6z9bv2cgwq2mnjnr0000gn/T//ccsRHDTe.o
 .debug_macro   0x000000000000de8a       0x18 /var/folders/bh/wcqvvwzn6z9bv2cgwq2mnjnr0000gn/T//ccsRHDTe.o
 .debug_macro   0x000000000000dea2       0x3c /var/folders/bh/wcqvvwzn6z9bv2cgwq2mnjnr0000gn/T//ccsRHDTe.o
 .debug_macro   0x000000000000dede       0x34 /var/folders/bh/wcqvvwzn6z9bv2cgwq2mnjnr0000gn/T//ccsRHDTe.o
 .debug_macro   0x000000000000df12      0x174 /var/folders/bh/wcqvvwzn6z9bv2cgwq2mnjnr0000gn/T//ccsRHDTe.o
 .debug_macro   0x000000000000e086       0x16 /var/folders/bh/wcqvvwzn6z9bv2cgwq2mnjnr0000gn/T//ccsRHDTe.o
 .debug_macro   0x000000000000e09c       0x43 /var/folders/bh/wcqvvwzn6z9bv2cgwq2mnjnr0000gn/T//ccsRHDTe.o
 .debug_macro   0x000000000000e0df       0x34 /var/folders/bh/wcqvvwzn6z9bv2cgwq2mnjnr0000gn/T//ccsRHDTe.o
 .debug_macro   0x000000000000e113       0x10 /var/folders/bh/wcqvvwzn6z9bv2cgwq2mnjnr0000gn/T//ccsRHDTe.o
 .debug_macro   0x000000000000e123       0x58 /var/folders/bh/wcqvvwzn6z9bv2cgwq2mnjnr0000gn/T//ccsRHDTe.o
 .debug_macro   0x000000000000e17b       0x71 /var/folders/bh/wcqvvwzn6z9bv2cgwq2mnjnr0000gn/T//ccsRHDTe.o
 .debug_macro   0x000000000000e1ec       0x1c /var/folders/bh/wcqvvwzn6z9bv2cgwq2mnjnr0000gn/T//ccsRHDTe.o
 .debug_macro   0x000000000000e208      0x12a /var/folders/bh/wcqvvwzn6z9bv2cgwq2mnjnr0000gn/T//ccsRHDTe.o
 .debug_macro   0x000000000000e332      0x339 /var/folders/bh/wcqvvwzn6z9bv2cgwq2mnjnr0000gn/T//ccsRHDTe.o
 .debug_macro   0x000000000000e66b      0x1a9 /var/folders/bh/wcqvvwzn6z9bv2cgwq2mnjnr0000gn/T//ccsRHDTe.o
 .debug_macro   0x000000000000e814       0xfb /var/folders/bh/wcqvvwzn6z9bv2cgwq2mnjnr0000gn/T//ccsRHDTe.o
 .debug_macro   0x000000000000e90f       0x16 /var/folders/bh/wcqvvwzn6z9bv2cgwq2mnjnr0000gn/T//ccsRHDTe.o
 .debug_macro   0x000000000000e925       0x35 /var/folders/bh/wcqvvwzn6z9bv2cgwq2mnjnr0000gn/T//ccsRHDTe.o
 .debug_macro   0x000000000000e95a      0x201 /var/folders/bh/wcqvvwzn6z9bv2cgwq2mnjnr0000gn/T//ccsRHDTe.o
 .debug_macro   0x000000000000eb5b       0x7c /var/folders/bh/wcqvvwzn6z9bv2cgwq2mnjnr0000gn/T//ccsRHDTe.o
 .debug_macro   0x000000000000ebd7       0x17 /var/folders/bh/wcqvvwzn6z9bv2cgwq2mnjnr0000gn/T//ccsRHDTe.o
 .debug_macro   0x000000000000ebee      0x118 /var/folders/bh/wcqvvwzn6z9bv2cgwq2mnjnr0000gn/T//ccsRHDTe.o
 .debug_macro   0x000000000000ed06      0x169 /var/folders/bh/wcqvvwzn6z9bv2cgwq2mnjnr0000gn/T//ccsRHDTe.o
 .debug_macro   0x000000000000ee6f       0x2e /var/folders/bh/wcqvvwzn6z9bv2cgwq2mnjnr0000gn/T//ccsRHDTe.o
 .debug_macro   0x000000000000ee9d       0xe3 /var/folders/bh/wcqvvwzn6z9bv2cgwq2mnjnr0000gn/T//ccNI6u6R.o
 .debug_macro   0x000000000000ef80       0x1c /var/folders/bh/wcqvvwzn6z9bv2cgwq2mnjnr0000gn/T//ccNI6u6R.o
 .debug_macro   0x000000000000ef9c       0xfa /var/folders/bh/wcqvvwzn6z9bv2cgwq2mnjnr0000gn/T//ccUu5wHg.o
 .debug_macro   0x000000000000f096      0x10c /var/folders/bh/wcqvvwzn6z9bv2cgwq2mnjnr0000gn/T//ccKbQ0Ea.o
 .debug_macro   0x000000000000f1a2       0xd8 /var/folders/bh/wcqvvwzn6z9bv2cgwq2mnjnr0000gn/T//ccBluM20.o
 .debug_macro   0x000000000000f27a      0x2d4 /var/folders/bh/wcqvvwzn6z9bv2cgwq2mnjnr0000gn/T//ccxpvrSJ.o
 .debug_macro   0x000000000000f54e       0x10 /var/folders/bh/wcqvvwzn6z9bv2cgwq2mnjnr0000gn/T//ccxpvrSJ.o
 .debug_macro   0x000000000000f55e       0x16 /var/folders/bh/wcqvvwzn6z9bv2cgwq2mnjnr0000gn/T//ccxpvrSJ.o
 .debug_macro   0x000000000000f574       0x16 /var/folders/bh/wcqvvwzn6z9bv2cgwq2mnjnr0000gn/T//ccxpvrSJ.o
 .debug_macro   0x000000000000f58a       0x29 /var/folders/bh/wcqvvwzn6z9bv2cgwq2mnjnr0000gn/T//ccxpvrSJ.o
 .debug_macro   0x000000000000f5b3       0x34 /var/folders/bh/wcqvvwzn6z9bv2cgwq2mnjnr0000gn/T//ccxpvrSJ.o
 .debug_macro   0x000000000000f5e7       0xf4 /var/folders/bh/wcqvvwzn6z9bv2cgwq2mnjnr0000gn/T//ccxpvrSJ.o
 .debug_macro   0x000000000000f6db       0x22 /var/folders/bh/wcqvvwzn6z9bv2cgwq2mnjnr0000gn/T//ccxpvrSJ.o
 .debug_macro   0x000000000000f6fd      0x5f6 /var/folders/bh/wcqvvwzn6z9bv2cgwq2mnjnr0000gn/T//ccxpvrSJ.o
 .debug_macro   0x000000000000fcf3       0x10 /var/folders/bh/wcqvvwzn6z9bv2cgwq2mnjnr0000gn/T//ccxpvrSJ.o
 .debug_macro   0x000000000000fd03      0x49e /var/folders/bh/wcqvvwzn6z9bv2cgwq2mnjnr0000gn/T//ccxpvrSJ.o
 .debug_macro   0x00000000000101a1      0x2cf /var/folders/bh/wcqvvwzn6z9bv2cgwq2mnjnr0000gn/T//ccxpvrSJ.o
 .debug_macro   0x0000000000010470       0x9c /var/folders/bh/wcqvvwzn6z9bv2cgwq2mnjnr0000gn/T//ccQ7bSu7.o
 .debug_macro   0x000000000001050c      0x12e /var/folders/bh/wcqvvwzn6z9bv2cgwq2mnjnr0000gn/T//cc6wjjdK.o
 .debug_macro   0x000000000001063a       0xd2 /var/folders/bh/wcqvvwzn6z9bv2cgwq2mnjnr0000gn/T//ccnIsRFS.o
 .debug_macro   0x000000000001070c       0xda /var/folders/bh/wcqvvwzn6z9bv2cgwq2mnjnr0000gn/T//ccbtMi7z.o

.debug_line     0x0000000000000000     0x4a6a
 .debug_line    0x0000000000000000      0x411 /var/folders/bh/wcqvvwzn6z9bv2cgwq2mnjnr0000gn/T//cc7JBC5r.o
 .debug_line    0x0000000000000411      0x77c /var/folders/bh/wcqvvwzn6z9bv2cgwq2mnjnr0000gn/T//ccsRHDTe.o
 .debug_line    0x0000000000000b8d      0x6d6 /var/folders/bh/wcqvvwzn6z9bv2cgwq2mnjnr0000gn/T//ccNI6u6R.o
 .debug_line    0x0000000000001263      0x512 /var/folders/bh/wcqvvwzn6z9bv2cgwq2mnjnr0000gn/T//ccUu5wHg.o
 .debug_line    0x0000000000001775      0x5ef /var/folders/bh/wcqvvwzn6z9bv2cgwq2mnjnr0000gn/T//ccKbQ0Ea.o
 .debug_line    0x0000000000001d64      0x395 /var/folders/bh/wcqvvwzn6z9bv2cgwq2mnjnr0000gn/T//ccBluM20.o
 .debug_line    0x00000000000020f9     0x1081 /var/folders/bh/wcqvvwzn6z9bv2cgwq2mnjnr0000gn/T//ccxpvrSJ.o
 .debug_line    0x000000000000317a      0x6e5 /var/folders/bh/wcqvvwzn6z9bv2cgwq2mnjnr0000gn/T//ccQ7bSu7.o
 .debug_line    0x000000000000385f      0xa62 /var/folders/bh/wcqvvwzn6z9bv2cgwq2mnjnr0000gn/T//cc6wjjdK.o
 .debug_line    0x00000000000042c1      0x35a /var/folders/bh/wcqvvwzn6z9bv2cgwq2mnjnr0000gn/T//ccnIsRFS.o
 .debug_line    0x000000000000461b      0x3cb /var/folders/bh/wcqvvwzn6z9bv2cgwq2mnjnr0000gn/T//ccbtMi7z.o
 .debug_line    0x00000000000049e6       0x84 obj/startup_STM32F411xE.o

.debug_str      0x0000000000000000    0x5afb5
 .debug_str     0x0000000000000000    0x4fcc9 /var/folders/bh/wcqvvwzn6z9bv2cgwq2mnjnr0000gn/T//cc7JBC5r.o
                                      0x4fe70 (size before relaxing)
 .debug_str     0x000000000004fcc9     0x4f10 /var/folders/bh/wcqvvwzn6z9bv2cgwq2mnjnr0000gn/T//ccsRHDTe.o
                                      0x54ab2 (size before relaxing)
 .debug_str     0x0000000000054bd9      0x14e /var/folders/bh/wcqvvwzn6z9bv2cgwq2mnjnr0000gn/T//ccNI6u6R.o
                                      0x4ff19 (size before relaxing)
 .debug_str     0x0000000000054d27       0xa6 /var/folders/bh/wcqvvwzn6z9bv2cgwq2mnjnr0000gn/T//ccUu5wHg.o
                                      0x4fe31 (size before relaxing)
 .debug_str     0x0000000000054dcd       0xf1 /var/folders/bh/wcqvvwzn6z9bv2cgwq2mnjnr0000gn/T//ccKbQ0Ea.o
                                      0x4ffc3 (size before relaxing)
 .debug_str     0x0000000000054ebe       0x4e /var/folders/bh/wcqvvwzn6z9bv2cgwq2mnjnr0000gn/T//ccBluM20.o
                                      0x4fd43 (size before relaxing)
 .debug_str     0x0000000000054f0c     0x5a71 /var/folders/bh/wcqvvwzn6z9bv2cgwq2mnjnr0000gn/T//ccxpvrSJ.o
                                      0x5abb1 (size before relaxing)
 .debug_str     0x000000000005a97d      0x237 /var/folders/bh/wcqvvwzn6z9bv2cgwq2mnjnr0000gn/T//ccQ7bSu7.o
                                       0x6000 (size before relaxing)
 .debug_str     0x000000000005abb4      0x2d3 /var/folders/bh/wcqvvwzn6z9bv2cgwq2mnjnr0000gn/T//cc6wjjdK.o
                                      0x51e94 (size before relaxing)
 .debug_str     0x000000000005ae87       0x4e /var/folders/bh/wcqvvwzn6z9bv2cgwq2mnjnr0000gn/T//ccnIsRFS.o
                                      0x4f871 (size before relaxing)
 .debug_str     0x000000000005aed5       0xac /var/folders/bh/wcqvvwzn6z9bv2cgwq2mnjnr0000gn/T//ccbtMi7z.o
                                      0x4fa2b (size before relaxing)
 .debug_str     0x000000000005af81       0x34 obj/startup_STM32F411xE.o
                                         0x7d (size before relaxing)

.comment        0x0000000000000000       0x4c
 .comment       0x0000000000000000       0x4c /var/folders/bh/wcqvvwzn6z9bv2cgwq2mnjnr0000gn/T//cc7JBC5r.o
                                         0x4d (size before relaxing)
 .comment       0x000000000000004c       0x4d /var/folders/bh/wcqvvwzn6z9bv2cgwq2mnjnr0000gn/T//ccsRHDTe.o
 .comment       0x000000000000004c       0x4d /var/folders/bh/wcqvvwzn6z9bv2cgwq2mnjnr0000gn/T//ccNI6u6R.o
 .comment       0x000000000000004c       0x4d /var/folders/bh/wcqvvwzn6z9bv2cgwq2mnjnr0000gn/T//ccUu5wHg.o
 .comment       0x000000000000004c       0x4d /var/folders/bh/wcqvvwzn6z9bv2cgwq2mnjnr0000gn/T//ccKbQ0Ea.o
 .comment       0x000000000000004c       0x4d /var/folders/bh/wcqvvwzn6z9bv2cgwq2mnjnr0000gn/T//ccBluM20.o
 .comment       0x000000000000004c       0x4d /var/folders/bh/wcqvvwzn6z9bv2cgwq2mnjnr0000gn/T//ccxpvrSJ.o
 .comment       0x000000000000004c       0x4d /var/folders/bh/wcqvvwzn6z9bv2cgwq2mnjnr0000gn/T//ccQ7bSu7.o
 .comment       0x000000000000004c       0x4d /var/folders/bh/wcqvvwzn6z9bv2cgwq2mnjnr0000gn/T//cc6wjjdK.o
 .comment       0x000000000000004c       0x4d /var/folders/bh/wcqvvwzn6z9bv2cgwq2mnjnr0000gn/T//ccnIsRFS.o
 .comment       0x000000000000004c       0x4d /var/folders/bh/wcqvvwzn6z9bv2cgwq2mnjnr0000gn/T//ccbtMi7z.o

.debug_frame    0x0000000000000000     0x1134
 .debug_frame   0x0000000000000000       0xcc /var/folders/bh/wcqvvwzn6z9bv2cgwq2mnjnr0000gn/T//cc7JBC5r.o
 .debug_frame   0x00000000000000cc       0xa8 /var/folders/bh/wcqvvwzn6z9bv2cgwq2mnjnr0000gn/T//ccsRHDTe.o
 .debug_frame   0x0000000000000174      0x158 /var/folders/bh/wcqvvwzn6z9bv2cgwq2mnjnr0000gn/T//ccNI6u6R.o
 .debug_frame   0x00000000000002cc       0xc8 /var/folders/bh/wcqvvwzn6z9bv2cgwq2mnjnr0000gn/T//ccUu5wHg.o
 .debug_frame   0x0000000000000394       0xc4 /var/folders/bh/wcqvvwzn6z9bv2cgwq2mnjnr0000gn/T//ccKbQ0Ea.o
 .debug_frame   0x0000000000000458       0x9c /var/folders/bh/wcqvvwzn6z9bv2cgwq2mnjnr0000gn/T//ccBluM20.o
 .debug_frame   0x00000000000004f4      0x5d0 /var/folders/bh/wcqvvwzn6z9bv2cgwq2mnjnr0000gn/T//ccxpvrSJ.o
 .debug_frame   0x0000000000000ac4      0x230 /var/folders/bh/wcqvvwzn6z9bv2cgwq2mnjnr0000gn/T//ccQ7bSu7.o
 .debug_frame   0x0000000000000cf4      0x348 /var/folders/bh/wcqvvwzn6z9bv2cgwq2mnjnr0000gn/T//cc6wjjdK.o
 .debug_frame   0x000000000000103c       0xa0 /var/folders/bh/wcqvvwzn6z9bv2cgwq2mnjnr0000gn/T//ccnIsRFS.o
 .debug_frame   0x00000000000010dc       0x58 /var/folders/bh/wcqvvwzn6z9bv2cgwq2mnjnr0000gn/T//ccbtMi7z.o

Cross Reference Table

Symbol                                            File
ADCInit                                           /var/folders/bh/wcqvvwzn6z9bv2cgwq2mnjnr0000gn/T//cc7JBC5r.o
                                                  /var/folders/bh/wcqvvwzn6z9bv2cgwq2mnjnr0000gn/T//ccKbQ0Ea.o
ADCRead                                           /var/folders/bh/wcqvvwzn6z9bv2cgwq2mnjnr0000gn/T//cc7JBC5r.o
                                                  /var/folders/bh/wcqvvwzn6z9bv2cgwq2mnjnr0000gn/T//ccUu5wHg.o
ADC_IRQHandler                                    /var/folders/bh/wcqvvwzn6z9bv2cgwq2mnjnr0000gn/T//cc7JBC5r.o
AHBPrescTable                                     /var/folders/bh/wcqvvwzn6z9bv2cgwq2mnjnr0000gn/T//ccbtMi7z.o
APBPrescTable                                     /var/folders/bh/wcqvvwzn6z9bv2cgwq2mnjnr0000gn/T//ccbtMi7z.o
AudioInit                                         /var/folders/bh/wcqvvwzn6z9bv2cgwq2mnjnr0000gn/T//ccsRHDTe.o
                                                  /var/folders/bh/wcqvvwzn6z9bv2cgwq2mnjnr0000gn/T//ccKbQ0Ea.o
AudioReconfigure                                  /var/folders/bh/wcqvvwzn6z9bv2cgwq2mnjnr0000gn/T//ccsRHDTe.o
                                                  /var/folders/bh/wcqvvwzn6z9bv2cgwq2mnjnr0000gn/T//ccxpvrSJ.o
BusFault_Handler                                  obj/startup_STM32F411xE.o
ClockInit                                         /var/folders/bh/wcqvvwzn6z9bv2cgwq2mnjnr0000gn/T//ccKbQ0Ea.o
DMA1_Stream0_IRQHandler                           obj/startup_STM32F411xE.o
DMA1_Stream1_IRQHandler                           obj/startup_STM32F411xE.o
DMA1_Stream2_IRQHandler                           obj/startup_STM32F411xE.o
DMA1_Stream3_IRQHandler                           obj/startup_STM32F411xE.o
DMA1_Stream4_IRQHandler                           obj/startup_STM32F411xE.o
DMA1_Stream5_IRQHandler                           obj/startup_STM32F411xE.o
DMA1_Stream6_IRQHandler                           obj/startup_STM32F411xE.o
DMA1_Stream7_IRQHandler                           obj/startup_STM32F411xE.o
DMA2_Stream0_IRQHandler                           obj/startup_STM32F411xE.o
DMA2_Stream1_IRQHandler                           obj/startup_STM32F411xE.o
DMA2_Stream2_IRQHandler                           obj/startup_STM32F411xE.o
DMA2_Stream3_IRQHandler                           obj/startup_STM32F411xE.o
DMA2_Stream4_IRQHandler                           obj/startup_STM32F411xE.o
DMA2_Stream5_IRQHandler                           obj/startup_STM32F411xE.o
DMA2_Stream6_IRQHandler                           obj/startup_STM32F411xE.o
DMA2_Stream7_IRQHandler                           obj/startup_STM32F411xE.o
DebugMon_Handler                                  obj/startup_STM32F411xE.o
Default_Handler                                   obj/startup_STM32F411xE.o
DisableAudio                                      /var/folders/bh/wcqvvwzn6z9bv2cgwq2mnjnr0000gn/T//ccsRHDTe.o
                                                  /var/folders/bh/wcqvvwzn6z9bv2cgwq2mnjnr0000gn/T//ccxpvrSJ.o
EXTI0_IRQHandler                                  obj/startup_STM32F411xE.o
EXTI15_10_IRQHandler                              obj/startup_STM32F411xE.o
EXTI1_IRQHandler                                  obj/startup_STM32F411xE.o
EXTI2_IRQHandler                                  obj/startup_STM32F411xE.o
EXTI3_IRQHandler                                  obj/startup_STM32F411xE.o
EXTI4_IRQHandler                                  obj/startup_STM32F411xE.o
EXTI9_5_IRQHandler                                obj/startup_STM32F411xE.o
EnableAudio                                       /var/folders/bh/wcqvvwzn6z9bv2cgwq2mnjnr0000gn/T//ccsRHDTe.o
                                                  /var/folders/bh/wcqvvwzn6z9bv2cgwq2mnjnr0000gn/T//ccxpvrSJ.o
FLASH_IRQHandler                                  obj/startup_STM32F411xE.o
FPU_IRQHandler                                    obj/startup_STM32F411xE.o
GPIOInit                                          /var/folders/bh/wcqvvwzn6z9bv2cgwq2mnjnr0000gn/T//ccKbQ0Ea.o
HardFault_Handler                                 obj/startup_STM32F411xE.o
I2C1_ER_IRQHandler                                obj/startup_STM32F411xE.o
I2C1_EV_IRQHandler                                obj/startup_STM32F411xE.o
I2C2_ER_IRQHandler                                obj/startup_STM32F411xE.o
I2C2_EV_IRQHandler                                obj/startup_STM32F411xE.o
I2C3_ER_IRQHandler                                obj/startup_STM32F411xE.o
I2C3_EV_IRQHandler                                obj/startup_STM32F411xE.o
LEDRampInit                                       /var/folders/bh/wcqvvwzn6z9bv2cgwq2mnjnr0000gn/T//ccUu5wHg.o
                                                  /var/folders/bh/wcqvvwzn6z9bv2cgwq2mnjnr0000gn/T//ccKbQ0Ea.o
MemManage_Handler                                 obj/startup_STM32F411xE.o
NMI_Handler                                       obj/startup_STM32F411xE.o
OTG_FS_IRQHandler                                 /var/folders/bh/wcqvvwzn6z9bv2cgwq2mnjnr0000gn/T//ccxpvrSJ.o
OTG_FS_WKUP_IRQHandler                            obj/startup_STM32F411xE.o
PVD_IRQHandler                                    /var/folders/bh/wcqvvwzn6z9bv2cgwq2mnjnr0000gn/T//ccBluM20.o
PendSV_Handler                                    obj/startup_STM32F411xE.o
RCC_IRQHandler                                    obj/startup_STM32F411xE.o
RTC_Alarm_IRQHandler                              obj/startup_STM32F411xE.o
RTC_WKUP_IRQHandler                               obj/startup_STM32F411xE.o
Reset_Handler                                     obj/startup_STM32F411xE.o
SDIO_IRQHandler                                   obj/startup_STM32F411xE.o
SPI1_IRQHandler                                   obj/startup_STM32F411xE.o
SPI2_IRQHandler                                   obj/startup_STM32F411xE.o
SPI3_IRQHandler                                   obj/startup_STM32F411xE.o
SPI4_IRQHandler                                   obj/startup_STM32F411xE.o
SPI5_IRQHandler                                   obj/startup_STM32F411xE.o
SVC_Handler                                       obj/startup_STM32F411xE.o
SetFsLED                                          /var/folders/bh/wcqvvwzn6z9bv2cgwq2mnjnr0000gn/T//ccxpvrSJ.o
ShutdownCtlInit                                   /var/folders/bh/wcqvvwzn6z9bv2cgwq2mnjnr0000gn/T//ccBluM20.o
                                                  /var/folders/bh/wcqvvwzn6z9bv2cgwq2mnjnr0000gn/T//ccKbQ0Ea.o
SysTick_Handler                                   /var/folders/bh/wcqvvwzn6z9bv2cgwq2mnjnr0000gn/T//ccnIsRFS.o
SystemCoreClock                                   /var/folders/bh/wcqvvwzn6z9bv2cgwq2mnjnr0000gn/T//ccbtMi7z.o
                                                  /var/folders/bh/wcqvvwzn6z9bv2cgwq2mnjnr0000gn/T//ccP9CWPk.o
                                                  /var/folders/bh/wcqvvwzn6z9bv2cgwq2mnjnr0000gn/T//ccKbQ0Ea.o
SystemCoreClockUpdate                             /var/folders/bh/wcqvvwzn6z9bv2cgwq2mnjnr0000gn/T//ccbtMi7z.o
                                                  /var/folders/bh/wcqvvwzn6z9bv2cgwq2mnjnr0000gn/T//ccKbQ0Ea.o
SystemInit                                        /var/folders/bh/wcqvvwzn6z9bv2cgwq2mnjnr0000gn/T//ccbtMi7z.o
                                                  /var/folders/bh/wcqvvwzn6z9bv2cgwq2mnjnr0000gn/T//ccKbQ0Ea.o
TAMP_STAMP_IRQHandler                             obj/startup_STM32F411xE.o
TIM1_BRK_TIM9_IRQHandler                          obj/startup_STM32F411xE.o
TIM1_CC_IRQHandler                                obj/startup_STM32F411xE.o
TIM1_TRG_COM_TIM11_IRQHandler                     obj/startup_STM32F411xE.o
TIM1_UP_TIM10_IRQHandler                          obj/startup_STM32F411xE.o
TIM2_IRQHandler                                   obj/startup_STM32F411xE.o
TIM3_IRQHandler                                   obj/startup_STM32F411xE.o
TIM4_IRQHandler                                   /var/folders/bh/wcqvvwzn6z9bv2cgwq2mnjnr0000gn/T//ccUu5wHg.o
TIM5_IRQHandler                                   /var/folders/bh/wcqvvwzn6z9bv2cgwq2mnjnr0000gn/T//ccNI6u6R.o
USART1_IRQHandler                                 obj/startup_STM32F411xE.o
USART2_IRQHandler                                 obj/startup_STM32F411xE.o
USART6_IRQHandler                                 obj/startup_STM32F411xE.o
USARTInit                                         /var/folders/bh/wcqvvwzn6z9bv2cgwq2mnjnr0000gn/T//ccP9CWPk.o
USBDeviceEnable                                   /var/folders/bh/wcqvvwzn6z9bv2cgwq2mnjnr0000gn/T//ccxpvrSJ.o
USBDeviceInit                                     /var/folders/bh/wcqvvwzn6z9bv2cgwq2mnjnr0000gn/T//ccxpvrSJ.o
                                                  /var/folders/bh/wcqvvwzn6z9bv2cgwq2mnjnr0000gn/T//ccKbQ0Ea.o
UsageFault_Handler                                obj/startup_STM32F411xE.o
WWDG_IRQHandler                                   obj/startup_STM32F411xE.o
__atexit_recursive_mutex                          /Users/henrik/Documents/Elektronik/STM32/STM32-base/tools/bin/../lib/gcc/arm-none-eabi/9.3.1/../../../../arm-none-eabi/lib/thumb/v7e-m+fp/hard/libc.a(lib_a-__call_atexit.o)
                                                  /Users/henrik/Documents/Elektronik/STM32/STM32-base/tools/bin/../lib/gcc/arm-none-eabi/9.3.1/../../../../arm-none-eabi/lib/thumb/v7e-m+fp/hard/libc.a(lib_a-__atexit.o)
__bss_end                                         obj/startup_STM32F411xE.o
__bss_end__                                       /Users/henrik/Documents/Elektronik/STM32/STM32-base/tools/bin/../lib/gcc/arm-none-eabi/9.3.1/../../../../arm-none-eabi/lib/thumb/v7e-m+fp/hard/crt0.o
__bss_start                                       obj/startup_STM32F411xE.o
__bss_start__                                     /Users/henrik/Documents/Elektronik/STM32/STM32-base/tools/bin/../lib/gcc/arm-none-eabi/9.3.1/../../../../arm-none-eabi/lib/thumb/v7e-m+fp/hard/crt0.o
__call_exitprocs                                  /Users/henrik/Documents/Elektronik/STM32/STM32-base/tools/bin/../lib/gcc/arm-none-eabi/9.3.1/../../../../arm-none-eabi/lib/thumb/v7e-m+fp/hard/libc.a(lib_a-__call_atexit.o)
                                                  /Users/henrik/Documents/Elektronik/STM32/STM32-base/tools/bin/../lib/gcc/arm-none-eabi/9.3.1/../../../../arm-none-eabi/lib/thumb/v7e-m+fp/hard/libc.a(lib_a-exit.o)
__data_end                                        obj/startup_STM32F411xE.o
__data_flash_start                                obj/startup_STM32F411xE.o
__data_start                                      obj/startup_STM32F411xE.o
__deregister_frame_info                           /Users/henrik/Documents/Elektronik/STM32/STM32-base/tools/bin/../lib/gcc/arm-none-eabi/9.3.1/thumb/v7e-m+fp/hard/crtbegin.o
__dso_handle                                      /Users/henrik/Documents/Elektronik/STM32/STM32-base/tools/bin/../lib/gcc/arm-none-eabi/9.3.1/thumb/v7e-m+fp/hard/crtbegin.o
__end_stack                                       obj/startup_STM32F411xE.o
__fini_array_end                                  /Users/henrik/Documents/Elektronik/STM32/STM32-base/tools/bin/../lib/gcc/arm-none-eabi/9.3.1/../../../../arm-none-eabi/lib/thumb/v7e-m+fp/hard/libc.a(lib_a-fini.o)
__fini_array_start                                /Users/henrik/Documents/Elektronik/STM32/STM32-base/tools/bin/../lib/gcc/arm-none-eabi/9.3.1/../../../../arm-none-eabi/lib/thumb/v7e-m+fp/hard/libc.a(lib_a-fini.o)
__init_array_end                                  /Users/henrik/Documents/Elektronik/STM32/STM32-base/tools/bin/../lib/gcc/arm-none-eabi/9.3.1/../../../../arm-none-eabi/lib/thumb/v7e-m+fp/hard/libc.a(lib_a-init.o)
__init_array_start                                /Users/henrik/Documents/Elektronik/STM32/STM32-base/tools/bin/../lib/gcc/arm-none-eabi/9.3.1/../../../../arm-none-eabi/lib/thumb/v7e-m+fp/hard/libc.a(lib_a-init.o)
__libc_fini                                       /Users/henrik/Documents/Elektronik/STM32/STM32-base/tools/bin/../lib/gcc/arm-none-eabi/9.3.1/../../../../arm-none-eabi/lib/thumb/v7e-m+fp/hard/libc.a(lib_a-__call_atexit.o)
__libc_fini_array                                 /Users/henrik/Documents/Elektronik/STM32/STM32-base/tools/bin/../lib/gcc/arm-none-eabi/9.3.1/../../../../arm-none-eabi/lib/thumb/v7e-m+fp/hard/libc.a(lib_a-fini.o)
                                                  /Users/henrik/Documents/Elektronik/STM32/STM32-base/tools/bin/../lib/gcc/arm-none-eabi/9.3.1/../../../../arm-none-eabi/lib/thumb/v7e-m+fp/hard/libc.a(lib_a-__call_atexit.o)
                                                  /Users/henrik/Documents/Elektronik/STM32/STM32-base/tools/bin/../lib/gcc/arm-none-eabi/9.3.1/../../../../arm-none-eabi/lib/thumb/v7e-m+fp/hard/crt0.o
__libc_init_array                                 /Users/henrik/Documents/Elektronik/STM32/STM32-base/tools/bin/../lib/gcc/arm-none-eabi/9.3.1/../../../../arm-none-eabi/lib/thumb/v7e-m+fp/hard/libc.a(lib_a-init.o)
                                                  obj/startup_STM32F411xE.o
                                                  /Users/henrik/Documents/Elektronik/STM32/STM32-base/tools/bin/../lib/gcc/arm-none-eabi/9.3.1/../../../../arm-none-eabi/lib/thumb/v7e-m+fp/hard/crt0.o
__lock___arc4random_mutex                         /Users/henrik/Documents/Elektronik/STM32/STM32-base/tools/bin/../lib/gcc/arm-none-eabi/9.3.1/../../../../arm-none-eabi/lib/thumb/v7e-m+fp/hard/libc.a(lib_a-lock.o)
__lock___at_quick_exit_mutex                      /Users/henrik/Documents/Elektronik/STM32/STM32-base/tools/bin/../lib/gcc/arm-none-eabi/9.3.1/../../../../arm-none-eabi/lib/thumb/v7e-m+fp/hard/libc.a(lib_a-lock.o)
__lock___atexit_recursive_mutex                   /Users/henrik/Documents/Elektronik/STM32/STM32-base/tools/bin/../lib/gcc/arm-none-eabi/9.3.1/../../../../arm-none-eabi/lib/thumb/v7e-m+fp/hard/libc.a(lib_a-lock.o)
                                                  /Users/henrik/Documents/Elektronik/STM32/STM32-base/tools/bin/../lib/gcc/arm-none-eabi/9.3.1/../../../../arm-none-eabi/lib/thumb/v7e-m+fp/hard/libc.a(lib_a-__call_atexit.o)
__lock___dd_hash_mutex                            /Users/henrik/Documents/Elektronik/STM32/STM32-base/tools/bin/../lib/gcc/arm-none-eabi/9.3.1/../../../../arm-none-eabi/lib/thumb/v7e-m+fp/hard/libc.a(lib_a-lock.o)
__lock___env_recursive_mutex                      /Users/henrik/Documents/Elektronik/STM32/STM32-base/tools/bin/../lib/gcc/arm-none-eabi/9.3.1/../../../../arm-none-eabi/lib/thumb/v7e-m+fp/hard/libc.a(lib_a-lock.o)
__lock___malloc_recursive_mutex                   /Users/henrik/Documents/Elektronik/STM32/STM32-base/tools/bin/../lib/gcc/arm-none-eabi/9.3.1/../../../../arm-none-eabi/lib/thumb/v7e-m+fp/hard/libc.a(lib_a-lock.o)
                                                  /Users/henrik/Documents/Elektronik/STM32/STM32-base/tools/bin/../lib/gcc/arm-none-eabi/9.3.1/../../../../arm-none-eabi/lib/thumb/v7e-m+fp/hard/libc_nano.a(lib_a-mlock.o)
__lock___sfp_recursive_mutex                      /Users/henrik/Documents/Elektronik/STM32/STM32-base/tools/bin/../lib/gcc/arm-none-eabi/9.3.1/../../../../arm-none-eabi/lib/thumb/v7e-m+fp/hard/libc.a(lib_a-lock.o)
__lock___sinit_recursive_mutex                    /Users/henrik/Documents/Elektronik/STM32/STM32-base/tools/bin/../lib/gcc/arm-none-eabi/9.3.1/../../../../arm-none-eabi/lib/thumb/v7e-m+fp/hard/libc.a(lib_a-lock.o)
__lock___tz_mutex                                 /Users/henrik/Documents/Elektronik/STM32/STM32-base/tools/bin/../lib/gcc/arm-none-eabi/9.3.1/../../../../arm-none-eabi/lib/thumb/v7e-m+fp/hard/libc.a(lib_a-lock.o)
__malloc_free_list                                /Users/henrik/Documents/Elektronik/STM32/STM32-base/tools/bin/../lib/gcc/arm-none-eabi/9.3.1/../../../../arm-none-eabi/lib/thumb/v7e-m+fp/hard/libc_nano.a(lib_a-nano-mallocr.o)
                                                  /Users/henrik/Documents/Elektronik/STM32/STM32-base/tools/bin/../lib/gcc/arm-none-eabi/9.3.1/../../../../arm-none-eabi/lib/thumb/v7e-m+fp/hard/libc_nano.a(lib_a-nano-freer.o)
__malloc_lock                                     /Users/henrik/Documents/Elektronik/STM32/STM32-base/tools/bin/../lib/gcc/arm-none-eabi/9.3.1/../../../../arm-none-eabi/lib/thumb/v7e-m+fp/hard/libc_nano.a(lib_a-mlock.o)
                                                  /Users/henrik/Documents/Elektronik/STM32/STM32-base/tools/bin/../lib/gcc/arm-none-eabi/9.3.1/../../../../arm-none-eabi/lib/thumb/v7e-m+fp/hard/libc_nano.a(lib_a-nano-mallocr.o)
                                                  /Users/henrik/Documents/Elektronik/STM32/STM32-base/tools/bin/../lib/gcc/arm-none-eabi/9.3.1/../../../../arm-none-eabi/lib/thumb/v7e-m+fp/hard/libc_nano.a(lib_a-nano-freer.o)
__malloc_sbrk_start                               /Users/henrik/Documents/Elektronik/STM32/STM32-base/tools/bin/../lib/gcc/arm-none-eabi/9.3.1/../../../../arm-none-eabi/lib/thumb/v7e-m+fp/hard/libc_nano.a(lib_a-nano-mallocr.o)
__malloc_unlock                                   /Users/henrik/Documents/Elektronik/STM32/STM32-base/tools/bin/../lib/gcc/arm-none-eabi/9.3.1/../../../../arm-none-eabi/lib/thumb/v7e-m+fp/hard/libc_nano.a(lib_a-mlock.o)
                                                  /Users/henrik/Documents/Elektronik/STM32/STM32-base/tools/bin/../lib/gcc/arm-none-eabi/9.3.1/../../../../arm-none-eabi/lib/thumb/v7e-m+fp/hard/libc_nano.a(lib_a-nano-mallocr.o)
                                                  /Users/henrik/Documents/Elektronik/STM32/STM32-base/tools/bin/../lib/gcc/arm-none-eabi/9.3.1/../../../../arm-none-eabi/lib/thumb/v7e-m+fp/hard/libc_nano.a(lib_a-nano-freer.o)
__preinit_array_end                               /Users/henrik/Documents/Elektronik/STM32/STM32-base/tools/bin/../lib/gcc/arm-none-eabi/9.3.1/../../../../arm-none-eabi/lib/thumb/v7e-m+fp/hard/libc.a(lib_a-init.o)
__preinit_array_start                             /Users/henrik/Documents/Elektronik/STM32/STM32-base/tools/bin/../lib/gcc/arm-none-eabi/9.3.1/../../../../arm-none-eabi/lib/thumb/v7e-m+fp/hard/libc.a(lib_a-init.o)
__register_exitproc                               /Users/henrik/Documents/Elektronik/STM32/STM32-base/tools/bin/../lib/gcc/arm-none-eabi/9.3.1/../../../../arm-none-eabi/lib/thumb/v7e-m+fp/hard/libc.a(lib_a-__atexit.o)
                                                  /Users/henrik/Documents/Elektronik/STM32/STM32-base/tools/bin/../lib/gcc/arm-none-eabi/9.3.1/../../../../arm-none-eabi/lib/thumb/v7e-m+fp/hard/libc.a(lib_a-atexit.o)
__register_frame_info                             /Users/henrik/Documents/Elektronik/STM32/STM32-base/tools/bin/../lib/gcc/arm-none-eabi/9.3.1/thumb/v7e-m+fp/hard/crtbegin.o
__retarget_lock_acquire                           /Users/henrik/Documents/Elektronik/STM32/STM32-base/tools/bin/../lib/gcc/arm-none-eabi/9.3.1/../../../../arm-none-eabi/lib/thumb/v7e-m+fp/hard/libc.a(lib_a-lock.o)
__retarget_lock_acquire_recursive                 /Users/henrik/Documents/Elektronik/STM32/STM32-base/tools/bin/../lib/gcc/arm-none-eabi/9.3.1/../../../../arm-none-eabi/lib/thumb/v7e-m+fp/hard/libc.a(lib_a-lock.o)
                                                  /Users/henrik/Documents/Elektronik/STM32/STM32-base/tools/bin/../lib/gcc/arm-none-eabi/9.3.1/../../../../arm-none-eabi/lib/thumb/v7e-m+fp/hard/libc_nano.a(lib_a-mlock.o)
                                                  /Users/henrik/Documents/Elektronik/STM32/STM32-base/tools/bin/../lib/gcc/arm-none-eabi/9.3.1/../../../../arm-none-eabi/lib/thumb/v7e-m+fp/hard/libc.a(lib_a-__atexit.o)
                                                  /Users/henrik/Documents/Elektronik/STM32/STM32-base/tools/bin/../lib/gcc/arm-none-eabi/9.3.1/../../../../arm-none-eabi/lib/thumb/v7e-m+fp/hard/libc.a(lib_a-__call_atexit.o)
__retarget_lock_close                             /Users/henrik/Documents/Elektronik/STM32/STM32-base/tools/bin/../lib/gcc/arm-none-eabi/9.3.1/../../../../arm-none-eabi/lib/thumb/v7e-m+fp/hard/libc.a(lib_a-lock.o)
__retarget_lock_close_recursive                   /Users/henrik/Documents/Elektronik/STM32/STM32-base/tools/bin/../lib/gcc/arm-none-eabi/9.3.1/../../../../arm-none-eabi/lib/thumb/v7e-m+fp/hard/libc.a(lib_a-lock.o)
__retarget_lock_init                              /Users/henrik/Documents/Elektronik/STM32/STM32-base/tools/bin/../lib/gcc/arm-none-eabi/9.3.1/../../../../arm-none-eabi/lib/thumb/v7e-m+fp/hard/libc.a(lib_a-lock.o)
__retarget_lock_init_recursive                    /Users/henrik/Documents/Elektronik/STM32/STM32-base/tools/bin/../lib/gcc/arm-none-eabi/9.3.1/../../../../arm-none-eabi/lib/thumb/v7e-m+fp/hard/libc.a(lib_a-lock.o)
__retarget_lock_release                           /Users/henrik/Documents/Elektronik/STM32/STM32-base/tools/bin/../lib/gcc/arm-none-eabi/9.3.1/../../../../arm-none-eabi/lib/thumb/v7e-m+fp/hard/libc.a(lib_a-lock.o)
__retarget_lock_release_recursive                 /Users/henrik/Documents/Elektronik/STM32/STM32-base/tools/bin/../lib/gcc/arm-none-eabi/9.3.1/../../../../arm-none-eabi/lib/thumb/v7e-m+fp/hard/libc.a(lib_a-lock.o)
                                                  /Users/henrik/Documents/Elektronik/STM32/STM32-base/tools/bin/../lib/gcc/arm-none-eabi/9.3.1/../../../../arm-none-eabi/lib/thumb/v7e-m+fp/hard/libc_nano.a(lib_a-mlock.o)
                                                  /Users/henrik/Documents/Elektronik/STM32/STM32-base/tools/bin/../lib/gcc/arm-none-eabi/9.3.1/../../../../arm-none-eabi/lib/thumb/v7e-m+fp/hard/libc.a(lib_a-__atexit.o)
                                                  /Users/henrik/Documents/Elektronik/STM32/STM32-base/tools/bin/../lib/gcc/arm-none-eabi/9.3.1/../../../../arm-none-eabi/lib/thumb/v7e-m+fp/hard/libc.a(lib_a-__call_atexit.o)
__retarget_lock_try_acquire                       /Users/henrik/Documents/Elektronik/STM32/STM32-base/tools/bin/../lib/gcc/arm-none-eabi/9.3.1/../../../../arm-none-eabi/lib/thumb/v7e-m+fp/hard/libc.a(lib_a-lock.o)
__retarget_lock_try_acquire_recursive             /Users/henrik/Documents/Elektronik/STM32/STM32-base/tools/bin/../lib/gcc/arm-none-eabi/9.3.1/../../../../arm-none-eabi/lib/thumb/v7e-m+fp/hard/libc.a(lib_a-lock.o)
__ssprint_r                                       /Users/henrik/Documents/Elektronik/STM32/STM32-base/tools/bin/../lib/gcc/arm-none-eabi/9.3.1/../../../../arm-none-eabi/lib/thumb/v7e-m+fp/hard/libc_nano.a(lib_a-nano-svfprintf.o)
__ssputs_r                                        /Users/henrik/Documents/Elektronik/STM32/STM32-base/tools/bin/../lib/gcc/arm-none-eabi/9.3.1/../../../../arm-none-eabi/lib/thumb/v7e-m+fp/hard/libc_nano.a(lib_a-nano-svfprintf.o)
__stack                                           /Users/henrik/Documents/Elektronik/STM32/STM32-base/tools/bin/../lib/gcc/arm-none-eabi/9.3.1/../../../../arm-none-eabi/lib/thumb/v7e-m+fp/hard/crt0.o
_exit                                             /Users/henrik/Documents/Elektronik/STM32/STM32-base/tools/bin/../lib/gcc/arm-none-eabi/9.3.1/../../../../arm-none-eabi/lib/thumb/v7e-m+fp/hard/libnosys.a(_exit.o)
                                                  /Users/henrik/Documents/Elektronik/STM32/STM32-base/tools/bin/../lib/gcc/arm-none-eabi/9.3.1/../../../../arm-none-eabi/lib/thumb/v7e-m+fp/hard/libc.a(lib_a-exit.o)
_fini                                             /Users/henrik/Documents/Elektronik/STM32/STM32-base/tools/bin/../lib/gcc/arm-none-eabi/9.3.1/thumb/v7e-m+fp/hard/crti.o
                                                  /Users/henrik/Documents/Elektronik/STM32/STM32-base/tools/bin/../lib/gcc/arm-none-eabi/9.3.1/../../../../arm-none-eabi/lib/thumb/v7e-m+fp/hard/libc.a(lib_a-fini.o)
_free_r                                           /Users/henrik/Documents/Elektronik/STM32/STM32-base/tools/bin/../lib/gcc/arm-none-eabi/9.3.1/../../../../arm-none-eabi/lib/thumb/v7e-m+fp/hard/libc_nano.a(lib_a-nano-freer.o)
                                                  /Users/henrik/Documents/Elektronik/STM32/STM32-base/tools/bin/../lib/gcc/arm-none-eabi/9.3.1/../../../../arm-none-eabi/lib/thumb/v7e-m+fp/hard/libc_nano.a(lib_a-reent.o)
                                                  /Users/henrik/Documents/Elektronik/STM32/STM32-base/tools/bin/../lib/gcc/arm-none-eabi/9.3.1/../../../../arm-none-eabi/lib/thumb/v7e-m+fp/hard/libc_nano.a(lib_a-nano-reallocr.o)
                                                  /Users/henrik/Documents/Elektronik/STM32/STM32-base/tools/bin/../lib/gcc/arm-none-eabi/9.3.1/../../../../arm-none-eabi/lib/thumb/v7e-m+fp/hard/libc_nano.a(lib_a-nano-svfprintf.o)
_global_impure_ptr                                /Users/henrik/Documents/Elektronik/STM32/STM32-base/tools/bin/../lib/gcc/arm-none-eabi/9.3.1/../../../../arm-none-eabi/lib/thumb/v7e-m+fp/hard/libc.a(lib_a-impure.o)
                                                  /Users/henrik/Documents/Elektronik/STM32/STM32-base/tools/bin/../lib/gcc/arm-none-eabi/9.3.1/../../../../arm-none-eabi/lib/thumb/v7e-m+fp/hard/libc.a(lib_a-__atexit.o)
                                                  /Users/henrik/Documents/Elektronik/STM32/STM32-base/tools/bin/../lib/gcc/arm-none-eabi/9.3.1/../../../../arm-none-eabi/lib/thumb/v7e-m+fp/hard/libc.a(lib_a-__call_atexit.o)
                                                  /Users/henrik/Documents/Elektronik/STM32/STM32-base/tools/bin/../lib/gcc/arm-none-eabi/9.3.1/../../../../arm-none-eabi/lib/thumb/v7e-m+fp/hard/libc.a(lib_a-exit.o)
_impure_ptr                                       /Users/henrik/Documents/Elektronik/STM32/STM32-base/tools/bin/../lib/gcc/arm-none-eabi/9.3.1/../../../../arm-none-eabi/lib/thumb/v7e-m+fp/hard/libc.a(lib_a-impure.o)
                                                  /Users/henrik/Documents/Elektronik/STM32/STM32-base/tools/bin/../lib/gcc/arm-none-eabi/9.3.1/../../../../arm-none-eabi/lib/thumb/v7e-m+fp/hard/libc_nano.a(lib_a-reent.o)
                                                  /Users/henrik/Documents/Elektronik/STM32/STM32-base/tools/bin/../lib/gcc/arm-none-eabi/9.3.1/../../../../arm-none-eabi/lib/thumb/v7e-m+fp/hard/libc_nano.a(lib_a-vsprintf.o)
                                                  /Users/henrik/Documents/Elektronik/STM32/STM32-base/tools/bin/../lib/gcc/arm-none-eabi/9.3.1/../../../../arm-none-eabi/lib/thumb/v7e-m+fp/hard/libc_nano.a(lib_a-sprintf.o)
_init                                             /Users/henrik/Documents/Elektronik/STM32/STM32-base/tools/bin/../lib/gcc/arm-none-eabi/9.3.1/thumb/v7e-m+fp/hard/crti.o
                                                  /Users/henrik/Documents/Elektronik/STM32/STM32-base/tools/bin/../lib/gcc/arm-none-eabi/9.3.1/../../../../arm-none-eabi/lib/thumb/v7e-m+fp/hard/libc.a(lib_a-init.o)
_mainCRTStartup                                   /Users/henrik/Documents/Elektronik/STM32/STM32-base/tools/bin/../lib/gcc/arm-none-eabi/9.3.1/../../../../arm-none-eabi/lib/thumb/v7e-m+fp/hard/crt0.o
_malloc_r                                         /Users/henrik/Documents/Elektronik/STM32/STM32-base/tools/bin/../lib/gcc/arm-none-eabi/9.3.1/../../../../arm-none-eabi/lib/thumb/v7e-m+fp/hard/libc_nano.a(lib_a-nano-mallocr.o)
                                                  /Users/henrik/Documents/Elektronik/STM32/STM32-base/tools/bin/../lib/gcc/arm-none-eabi/9.3.1/../../../../arm-none-eabi/lib/thumb/v7e-m+fp/hard/libc_nano.a(lib_a-nano-reallocr.o)
                                                  /Users/henrik/Documents/Elektronik/STM32/STM32-base/tools/bin/../lib/gcc/arm-none-eabi/9.3.1/../../../../arm-none-eabi/lib/thumb/v7e-m+fp/hard/libc_nano.a(lib_a-nano-svfprintf.o)
_malloc_usable_size_r                             /Users/henrik/Documents/Elektronik/STM32/STM32-base/tools/bin/../lib/gcc/arm-none-eabi/9.3.1/../../../../arm-none-eabi/lib/thumb/v7e-m+fp/hard/libc_nano.a(lib_a-nano-msizer.o)
                                                  /Users/henrik/Documents/Elektronik/STM32/STM32-base/tools/bin/../lib/gcc/arm-none-eabi/9.3.1/../../../../arm-none-eabi/lib/thumb/v7e-m+fp/hard/libc_nano.a(lib_a-nano-reallocr.o)
_printf_common                                    /Users/henrik/Documents/Elektronik/STM32/STM32-base/tools/bin/../lib/gcc/arm-none-eabi/9.3.1/../../../../arm-none-eabi/lib/thumb/v7e-m+fp/hard/libc_nano.a(lib_a-nano-vfprintf_i.o)
_printf_float                                     /Users/henrik/Documents/Elektronik/STM32/STM32-base/tools/bin/../lib/gcc/arm-none-eabi/9.3.1/../../../../arm-none-eabi/lib/thumb/v7e-m+fp/hard/libc_nano.a(lib_a-nano-svfprintf.o)
_printf_i                                         /Users/henrik/Documents/Elektronik/STM32/STM32-base/tools/bin/../lib/gcc/arm-none-eabi/9.3.1/../../../../arm-none-eabi/lib/thumb/v7e-m+fp/hard/libc_nano.a(lib_a-nano-vfprintf_i.o)
                                                  /Users/henrik/Documents/Elektronik/STM32/STM32-base/tools/bin/../lib/gcc/arm-none-eabi/9.3.1/../../../../arm-none-eabi/lib/thumb/v7e-m+fp/hard/libc_nano.a(lib_a-nano-svfprintf.o)
_realloc_r                                        /Users/henrik/Documents/Elektronik/STM32/STM32-base/tools/bin/../lib/gcc/arm-none-eabi/9.3.1/../../../../arm-none-eabi/lib/thumb/v7e-m+fp/hard/libc_nano.a(lib_a-nano-reallocr.o)
                                                  /Users/henrik/Documents/Elektronik/STM32/STM32-base/tools/bin/../lib/gcc/arm-none-eabi/9.3.1/../../../../arm-none-eabi/lib/thumb/v7e-m+fp/hard/libc_nano.a(lib_a-nano-svfprintf.o)
_reclaim_reent                                    /Users/henrik/Documents/Elektronik/STM32/STM32-base/tools/bin/../lib/gcc/arm-none-eabi/9.3.1/../../../../arm-none-eabi/lib/thumb/v7e-m+fp/hard/libc_nano.a(lib_a-reent.o)
_sbrk                                             /Users/henrik/Documents/Elektronik/STM32/STM32-base/tools/bin/../lib/gcc/arm-none-eabi/9.3.1/../../../../arm-none-eabi/lib/thumb/v7e-m+fp/hard/libnosys.a(sbrk.o)
                                                  /Users/henrik/Documents/Elektronik/STM32/STM32-base/tools/bin/../lib/gcc/arm-none-eabi/9.3.1/../../../../arm-none-eabi/lib/thumb/v7e-m+fp/hard/libc_nano.a(lib_a-sbrkr.o)
_sbrk_r                                           /Users/henrik/Documents/Elektronik/STM32/STM32-base/tools/bin/../lib/gcc/arm-none-eabi/9.3.1/../../../../arm-none-eabi/lib/thumb/v7e-m+fp/hard/libc_nano.a(lib_a-sbrkr.o)
                                                  /Users/henrik/Documents/Elektronik/STM32/STM32-base/tools/bin/../lib/gcc/arm-none-eabi/9.3.1/../../../../arm-none-eabi/lib/thumb/v7e-m+fp/hard/libc_nano.a(lib_a-nano-mallocr.o)
_siprintf_r                                       /Users/henrik/Documents/Elektronik/STM32/STM32-base/tools/bin/../lib/gcc/arm-none-eabi/9.3.1/../../../../arm-none-eabi/lib/thumb/v7e-m+fp/hard/libc_nano.a(lib_a-sprintf.o)
_sprintf_r                                        /Users/henrik/Documents/Elektronik/STM32/STM32-base/tools/bin/../lib/gcc/arm-none-eabi/9.3.1/../../../../arm-none-eabi/lib/thumb/v7e-m+fp/hard/libc_nano.a(lib_a-sprintf.o)
_stack_init                                       /Users/henrik/Documents/Elektronik/STM32/STM32-base/tools/bin/../lib/gcc/arm-none-eabi/9.3.1/../../../../arm-none-eabi/lib/thumb/v7e-m+fp/hard/crt0.o
_start                                            /Users/henrik/Documents/Elektronik/STM32/STM32-base/tools/bin/../lib/gcc/arm-none-eabi/9.3.1/../../../../arm-none-eabi/lib/thumb/v7e-m+fp/hard/crt0.o
_svfiprintf_r                                     /Users/henrik/Documents/Elektronik/STM32/STM32-base/tools/bin/../lib/gcc/arm-none-eabi/9.3.1/../../../../arm-none-eabi/lib/thumb/v7e-m+fp/hard/libc_nano.a(lib_a-nano-svfprintf.o)
_svfprintf_r                                      /Users/henrik/Documents/Elektronik/STM32/STM32-base/tools/bin/../lib/gcc/arm-none-eabi/9.3.1/../../../../arm-none-eabi/lib/thumb/v7e-m+fp/hard/libc_nano.a(lib_a-nano-svfprintf.o)
                                                  /Users/henrik/Documents/Elektronik/STM32/STM32-base/tools/bin/../lib/gcc/arm-none-eabi/9.3.1/../../../../arm-none-eabi/lib/thumb/v7e-m+fp/hard/libc_nano.a(lib_a-vsprintf.o)
                                                  /Users/henrik/Documents/Elektronik/STM32/STM32-base/tools/bin/../lib/gcc/arm-none-eabi/9.3.1/../../../../arm-none-eabi/lib/thumb/v7e-m+fp/hard/libc_nano.a(lib_a-sprintf.o)
_vsiprintf_r                                      /Users/henrik/Documents/Elektronik/STM32/STM32-base/tools/bin/../lib/gcc/arm-none-eabi/9.3.1/../../../../arm-none-eabi/lib/thumb/v7e-m+fp/hard/libc_nano.a(lib_a-vsprintf.o)
_vsprintf_r                                       /Users/henrik/Documents/Elektronik/STM32/STM32-base/tools/bin/../lib/gcc/arm-none-eabi/9.3.1/../../../../arm-none-eabi/lib/thumb/v7e-m+fp/hard/libc_nano.a(lib_a-vsprintf.o)
adcData                                           /var/folders/bh/wcqvvwzn6z9bv2cgwq2mnjnr0000gn/T//cc7JBC5r.o
atexit                                            /Users/henrik/Documents/Elektronik/STM32/STM32-base/tools/bin/../lib/gcc/arm-none-eabi/9.3.1/../../../../arm-none-eabi/lib/thumb/v7e-m+fp/hard/libc.a(lib_a-atexit.o)
                                                  /Users/henrik/Documents/Elektronik/STM32/STM32-base/tools/bin/../lib/gcc/arm-none-eabi/9.3.1/../../../../arm-none-eabi/lib/thumb/v7e-m+fp/hard/libc.a(lib_a-__call_atexit.o)
                                                  /Users/henrik/Documents/Elektronik/STM32/STM32-base/tools/bin/../lib/gcc/arm-none-eabi/9.3.1/../../../../arm-none-eabi/lib/thumb/v7e-m+fp/hard/crt0.o
audioSettings                                     /var/folders/bh/wcqvvwzn6z9bv2cgwq2mnjnr0000gn/T//ccxpvrSJ.o
                                                  /var/folders/bh/wcqvvwzn6z9bv2cgwq2mnjnr0000gn/T//ccKbQ0Ea.o
audio_buffer                                      /var/folders/bh/wcqvvwzn6z9bv2cgwq2mnjnr0000gn/T//ccxpvrSJ.o
                                                  /var/folders/bh/wcqvvwzn6z9bv2cgwq2mnjnr0000gn/T//ccKbQ0Ea.o
                                                  /var/folders/bh/wcqvvwzn6z9bv2cgwq2mnjnr0000gn/T//ccsRHDTe.o
audio_status                                      /var/folders/bh/wcqvvwzn6z9bv2cgwq2mnjnr0000gn/T//ccxpvrSJ.o
                                                  /var/folders/bh/wcqvvwzn6z9bv2cgwq2mnjnr0000gn/T//ccKbQ0Ea.o
                                                  /var/folders/bh/wcqvvwzn6z9bv2cgwq2mnjnr0000gn/T//ccsRHDTe.o
button                                            /var/folders/bh/wcqvvwzn6z9bv2cgwq2mnjnr0000gn/T//ccNI6u6R.o
buttonDown                                        /var/folders/bh/wcqvvwzn6z9bv2cgwq2mnjnr0000gn/T//ccNI6u6R.o
buttonFalling                                     /var/folders/bh/wcqvvwzn6z9bv2cgwq2mnjnr0000gn/T//ccNI6u6R.o
buttonNDown                                       /var/folders/bh/wcqvvwzn6z9bv2cgwq2mnjnr0000gn/T//ccNI6u6R.o
buttonNPressed                                    /var/folders/bh/wcqvvwzn6z9bv2cgwq2mnjnr0000gn/T//ccNI6u6R.o
buttonPressed                                     /var/folders/bh/wcqvvwzn6z9bv2cgwq2mnjnr0000gn/T//ccNI6u6R.o